Archive member included to satisfy reference by file (symbol)

/home/mpiuser/Application/Task1-5HD/bin/arduino-uno/application_Task1-5HD.a(_sketches.o)
                              /opt/arduino/hardware/tools/avr/bin/../lib/gcc/avr/5.4.0/../../../../avr/lib/avr5/crtatmega328p.o (main)
/home/mpiuser/Application/Task1-5HD/bin/arduino-uno/arduino.a(base.o)
                              /home/mpiuser/Application/Task1-5HD/bin/arduino-uno/application_Task1-5HD.a(_sketches.o) (_Z5delaym)
/home/mpiuser/Application/Task1-5HD/bin/arduino-uno/arduino.a(serialport.o)
                              /home/mpiuser/Application/Task1-5HD/bin/arduino-uno/application_Task1-5HD.a(_sketches.o) (_ZN10SerialPortC1Ej)
/home/mpiuser/Application/Task1-5HD/bin/arduino-uno/atmega_common.a(irq_arch.o)
                              /home/mpiuser/Application/Task1-5HD/bin/arduino-uno/arduino.a(serialport.o) (irq_disable)
/home/mpiuser/Application/Task1-5HD/bin/arduino-uno/atmega_common_periph.a(uart.o)
                              /home/mpiuser/Application/Task1-5HD/bin/arduino-uno/arduino.a(serialport.o) (uart_init)
/home/mpiuser/Application/Task1-5HD/bin/arduino-uno/atmega_common_periph.a(gpio.o)
                              /home/mpiuser/Application/Task1-5HD/bin/arduino-uno/arduino.a(base.o) (gpio_init)
/home/mpiuser/Application/Task1-5HD/bin/arduino-uno/atmega_common_periph.a(timer.o)
                              /home/mpiuser/Application/Task1-5HD/bin/arduino-uno/arduino.a(base.o) (timer_read)
/home/mpiuser/Application/Task1-5HD/bin/arduino-uno/boards_common_atmega.a(board.o)
                              /home/mpiuser/Application/Task1-5HD/bin/arduino-uno/atmega_common/startup.o (board_init)
/home/mpiuser/Application/Task1-5HD/bin/arduino-uno/core.a(sched.o)
                              /home/mpiuser/Application/Task1-5HD/bin/arduino-uno/atmega_common_periph.a(uart.o) (sched_context_switch_request)
/home/mpiuser/Application/Task1-5HD/bin/arduino-uno/core.a(ringbuffer.o)
                              /home/mpiuser/Application/Task1-5HD/bin/arduino-uno/arduino.a(serialport.o) (ringbuffer_add_one)
/home/mpiuser/Application/Task1-5HD/bin/arduino-uno/core.a(kernel_init.o)
                              /home/mpiuser/Application/Task1-5HD/bin/arduino-uno/atmega_common/startup.o (kernel_init)
/home/mpiuser/Application/Task1-5HD/bin/arduino-uno/core.a(thread.o)
                              /home/mpiuser/Application/Task1-5HD/bin/arduino-uno/atmega_common_periph.a(uart.o) (thread_yield)
/home/mpiuser/Application/Task1-5HD/bin/arduino-uno/xtimer.a(xtimer_core.o)
                              /home/mpiuser/Application/Task1-5HD/bin/arduino-uno/arduino.a(base.o) (_xtimer_high_cnt)
/home/mpiuser/Application/Task1-5HD/bin/arduino-uno/xtimer.a(xtimer.o)
                              /home/mpiuser/Application/Task1-5HD/bin/arduino-uno/arduino.a(base.o) (_xtimer_tsleep)
/home/mpiuser/Application/Task1-5HD/bin/arduino-uno/periph_common.a(pm.o)
                              /home/mpiuser/Application/Task1-5HD/bin/arduino-uno/core.a(kernel_init.o) (pm_set_lowest)
/home/mpiuser/Application/Task1-5HD/bin/arduino-uno/atmega_common.a(cpu.o)
                              /home/mpiuser/Application/Task1-5HD/bin/arduino-uno/boards_common_atmega.a(board.o) (cpu_init)
/home/mpiuser/Application/Task1-5HD/bin/arduino-uno/atmega_common.a(thread_arch.o)
                              /home/mpiuser/Application/Task1-5HD/bin/arduino-uno/core.a(thread.o) (thread_stack_init)
/home/mpiuser/Application/Task1-5HD/bin/arduino-uno/auto_init.a(auto_init.o)
                              /home/mpiuser/Application/Task1-5HD/bin/arduino-uno/core.a(kernel_init.o) (auto_init)
/home/mpiuser/Application/Task1-5HD/bin/arduino-uno/avr_libc_extra.a(atmega_stdio.o)
                              /home/mpiuser/Application/Task1-5HD/bin/arduino-uno/boards_common_atmega.a(board.o) (atmega_stdio_init)
/home/mpiuser/Application/Task1-5HD/bin/arduino-uno/boards_common_arduino-atmega.a(led_init.o)
                              /home/mpiuser/Application/Task1-5HD/bin/arduino-uno/boards_common_atmega.a(board.o) (led_init)
/home/mpiuser/Application/Task1-5HD/bin/arduino-uno/core.a(panic.o)
                              /home/mpiuser/Application/Task1-5HD/bin/arduino-uno/atmega_common.a(cpu.o) (core_panic)
/home/mpiuser/Application/Task1-5HD/bin/arduino-uno/core.a(mutex.o)
                              /home/mpiuser/Application/Task1-5HD/bin/arduino-uno/xtimer.a(xtimer.o) (_mutex_lock)
/home/mpiuser/Application/Task1-5HD/bin/arduino-uno/core.a(msg.o)
                              /home/mpiuser/Application/Task1-5HD/bin/arduino-uno/xtimer.a(xtimer.o) (msg_send_int)
/home/mpiuser/Application/Task1-5HD/bin/arduino-uno/div.a(div.o)
                              /home/mpiuser/Application/Task1-5HD/bin/arduino-uno/xtimer.a(xtimer.o) (_div_mulhi64)
/home/mpiuser/Application/Task1-5HD/bin/arduino-uno/stdio_uart.a(stdio_uart.o)
[...]
Memory Configuration

Name             Origin             Length             Attributes
text             0x0000000000000000 0x0000000000007e00 xr
data             0x0000000000800060 0x0000000000000800 rw !x
eeprom           0x0000000000810000 0x0000000000010000 rw !x
fuse             0x0000000000820000 0x0000000000000003 rw !x
lock             0x0000000000830000 0x0000000000000400 rw !x
signature        0x0000000000840000 0x0000000000000400 rw !x
user_signatures  0x0000000000850000 0x0000000000000400 rw !x
*default*        0x0000000000000000 0xffffffffffffffff

Linker script and memory map

Address of section .data set to 0x800100
LOAD /opt/arduino/hardware/tools/avr/bin/../lib/gcc/avr/5.4.0/../../../../avr/lib/avr5/crtatmega328p.o
LOAD /home/mpiuser/Application/Task1-5HD/bin/arduino-uno/atmega_common/startup.o
START GROUP
LOAD /home/mpiuser/Application/Task1-5HD/bin/arduino-uno/application_Task1-5HD.a
LOAD /home/mpiuser/Application/Task1-5HD/bin/arduino-uno/arduino.a
LOAD /home/mpiuser/Application/Task1-5HD/bin/arduino-uno/atmega_common.a
LOAD /home/mpiuser/Application/Task1-5HD/bin/arduino-uno/atmega_common_periph.a
LOAD /home/mpiuser/Application/Task1-5HD/bin/arduino-uno/auto_init.a
LOAD /home/mpiuser/Application/Task1-5HD/bin/arduino-uno/avr_libc_extra.a
LOAD /home/mpiuser/Application/Task1-5HD/bin/arduino-uno/board.a
LOAD /home/mpiuser/Application/Task1-5HD/bin/arduino-uno/boards_common_arduino-atmega.a
LOAD /home/mpiuser/Application/Task1-5HD/bin/arduino-uno/boards_common_atmega.a
LOAD /home/mpiuser/Application/Task1-5HD/bin/arduino-uno/core.a
LOAD /home/mpiuser/Application/Task1-5HD/bin/arduino-uno/cpu.a
LOAD /home/mpiuser/Application/Task1-5HD/bin/arduino-uno/div.a
LOAD /home/mpiuser/Application/Task1-5HD/bin/arduino-uno/isrpipe.a
LOAD /home/mpiuser/Application/Task1-5HD/bin/arduino-uno/stdio_uart.a
LOAD /home/mpiuser/Application/Task1-5HD/bin/arduino-uno/sys.a
LOAD /home/mpiuser/Application/Task1-5HD/bin/arduino-uno/tsrb.a
LOAD /home/mpiuser/Application/Task1-5HD/bin/arduino-uno/xtimer.a
LOAD /home/mpiuser/Application/Task1-5HD/bin/arduino-uno/periph_common.a
END GROUP
LOAD /opt/arduino/hardware/tools/avr/bin/../lib/gcc/avr/5.4.0/avr5/libgcc.a
                0x0000000000007e00                __TEXT_REGION_LENGTH__ = 0x7e00
                0x0000000000000800                __DATA_REGION_LENGTH__ = 0x800
LOAD /opt/arduino/hardware/tools/avr/bin/../lib/gcc/avr/5.4.0/avr5/libgcc.a
LOAD /opt/arduino/hardware/tools/avr/bin/../lib/gcc/avr/5.4.0/../../../../avr/lib/avr5/libm.a
START GROUP
LOAD /opt/arduino/hardware/tools/avr/bin/../lib/gcc/avr/5.4.0/avr5/libgcc.a
LOAD /opt/arduino/hardware/tools/avr/bin/../lib/gcc/avr/5.4.0/../../../../avr/lib/avr5/libm.a
LOAD /opt/arduino/hardware/tools/avr/bin/../lib/gcc/avr/5.4.0/../../../../avr/lib/avr5/libc.a
LOAD /opt/arduino/hardware/tools/avr/bin/../lib/gcc/avr/5.4.0/../../../../avr/lib/avr5/libatmega328p.a
END GROUP
                0x0000000000020000                __TEXT_REGION_LENGTH__ = DEFINED (__TEXT_REGION_LENGTH__)?__TEXT_REGION_LENGTH__:0x20000
                0x000000000000ffa0                __DATA_REGION_LENGTH__ = DEFINED (__DATA_REGION_LENGTH__)?__DATA_REGION_LENGTH__:0xffa0
                0x0000000000010000                __EEPROM_REGION_LENGTH__ = DEFINED (__EEPROM_REGION_LENGTH__)?__EEPROM_REGION_LENGTH__:0x10000
                [0x0000000000000003]                __FUSE_REGION_LENGTH__ = DEFINED (__FUSE_REGION_LENGTH__)?__FUSE_REGION_LENGTH__:0x400
                0x0000000000000400                __LOCK_REGION_LENGTH__ = DEFINED (__LOCK_REGION_LENGTH__)?__LOCK_REGION_LENGTH__:0x400
                0x0000000000000400                __SIGNATURE_REGION_LENGTH__ = DEFINED (__SIGNATURE_REGION_LENGTH__)?__SIGNATURE_REGION_LENGTH__:0x400
                0x0000000000000400                __USER_SIGNATURE_REGION_LENGTH__ = DEFINED (__USER_SIGNATURE_REGION_LENGTH__)?__USER_SIGNATURE_REGION_LENGTH__:0x400

.hash
 *(.hash)

.dynsym
 *(.dynsym)

.dynstr
 *(.dynstr)

.gnu.version
 *(.gnu.version)

.gnu.version_d
 *(.gnu.version_d)

.gnu.version_r
 *(.gnu.version_r)

.rel.init
 *(.rel.init)

.rela.init
 *(.rela.init)

.rel.text
 *(.rel.text)
 *(.rel.text.*)
 *(.rel.gnu.linkonce.t*)

.rela.text
 *(.rela.text)
 *(.rela.text.*)
 *(.rela.gnu.linkonce.t*)

.rel.fini
 *(.rel.fini)

.rela.fini
 *(.rela.fini)

.rel.rodata
 *(.rel.rodata)
 *(.rel.rodata.*)
 *(.rel.gnu.linkonce.r*)

.rela.rodata
 *(.rela.rodata)
 *(.rela.rodata.*)
 *(.rela.gnu.linkonce.r*)

.rel.data
 *(.rel.data)
 *(.rel.data.*)
 *(.rel.gnu.linkonce.d*)

.rela.data
 *(.rela.data)
 *(.rela.data.*)
 *(.rela.gnu.linkonce.d*)

.rel.ctors
 *(.rel.ctors)

.rela.ctors
 *(.rela.ctors)

.rel.dtors
 *(.rel.dtors)

.rela.dtors
 *(.rela.dtors)

.rel.got
 *(.rel.got)

.rela.got
 *(.rela.got)

.rel.bss
 *(.rel.bss)

.rela.bss
 *(.rela.bss)

.rel.plt
 *(.rel.plt)

.rela.plt
 *(.rela.plt)

.text           0x0000000000000000     0x22c0
 *(.vectors)
 .vectors       0x0000000000000000       0x68 /opt/arduino/hardware/tools/avr/bin/../lib/gcc/avr/5.4.0/../../../../avr/lib/avr5/crtatmega328p.o
                0x0000000000000000                __vectors
 *(.vectors)
 *(.progmem.gcc*)
                0x0000000000000068                . = ALIGN (0x2)
                0x0000000000000068                __trampolines_start = .
 *(.trampolines)
 .trampolines   0x0000000000000068        0x0 linker stubs
 *(.trampolines*)
                0x0000000000000068                __trampolines_end = .
 *libprintf_flt.a:*(.progmem.data)
 *libc.a:*(.progmem.data)
 *(.progmem*)
 .progmem.data.__c.1984
                0x0000000000000068       0x49 /home/mpiuser/Application/Task1-5HD/bin/arduino-uno/atmega_common.a(cpu.o)
                0x00000000000000b2                . = ALIGN (0x2)
 *fill*         0x00000000000000b1        0x1 
 *(.jumptables)
 *(.jumptables*)
 *(.lowtext)
 *(.lowtext*)
                0x00000000000000b2                __ctors_start = .
 *(.ctors)
 .ctors         0x00000000000000b2        0x2 /home/mpiuser/Application/Task1-5HD/bin/arduino-uno/application_Task1-5HD.a(_sketches.o)
 .ctors         0x00000000000000b4        0x2 /home/mpiuser/Application/Task1-5HD/bin/arduino-uno/arduino.a(base.o)
                0x00000000000000b6                __ctors_end = .
                0x00000000000000b6                __dtors_start = .
 *(.dtors)
                0x00000000000000b6                __dtors_end = .
 SORT(*)(.ctors)
 SORT(*)(.dtors)
 *(.init0)
 .init0         0x00000000000000b6        0x0 /opt/arduino/hardware/tools/avr/bin/../lib/gcc/avr/5.4.0/../../../../avr/lib/avr5/crtatmega328p.o
                0x00000000000000b6                __init
 .init0         0x00000000000000b6       0x24 /home/mpiuser/Application/Task1-5HD/bin/arduino-uno/atmega_common.a(cpu.o)
                0x00000000000000b6                get_mcusr
 *(.init0)
 *(.init1)
 *(.init1)
 *(.init2)
 .init2         0x00000000000000da        0xc /opt/arduino/hardware/tools/avr/bin/../lib/gcc/avr/5.4.0/../../../../avr/lib/avr5/crtatmega328p.o
 *(.init2)
 *(.init3)
 *(.init3)
 *(.init4)
 .init4         0x00000000000000e6       0x16 /opt/arduino/hardware/tools/avr/bin/../lib/gcc/avr/5.4.0/avr5/libgcc.a(_copy_data.o)
                0x00000000000000e6                __do_copy_data
 .init4         0x00000000000000fc       0x10 /opt/arduino/hardware/tools/avr/bin/../lib/gcc/avr/5.4.0/avr5/libgcc.a(_clear_bss.o)
                0x00000000000000fc                __do_clear_bss
 *(.init4)
 *(.init5)
 *(.init5)
 *(.init6)
 .init6         0x000000000000010c       0x16 /opt/arduino/hardware/tools/avr/bin/../lib/gcc/avr/5.4.0/avr5/libgcc.a(_ctors.o)
                0x000000000000010c                __do_global_ctors
 *(.init6)
 *(.init7)
 .init7         0x0000000000000122        0x4 /home/mpiuser/Application/Task1-5HD/bin/arduino-uno/atmega_common/startup.o
                0x0000000000000122                init7_ovr
 *(.init7)
 *(.init8)
 .init8         0x0000000000000126        0x4 /home/mpiuser/Application/Task1-5HD/bin/arduino-uno/atmega_common/startup.o
                0x0000000000000126                init8_ovr
 *(.init8)
 *(.init9)
 .init9         0x000000000000012a        0x8 /opt/arduino/hardware/tools/avr/bin/../lib/gcc/avr/5.4.0/../../../../avr/lib/avr5/crtatmega328p.o
 *(.init9)
 *(.text)
 .text          0x0000000000000132        0x4 /opt/arduino/hardware/tools/avr/bin/../lib/gcc/avr/5.4.0/../../../../avr/lib/avr5/crtatmega328p.o
                0x0000000000000132                __vector_22
                0x0000000000000132                __vector_24
                0x0000000000000132                __bad_interrupt
                0x0000000000000132                __vector_6
                0x0000000000000132                __vector_3
                0x0000000000000132                __vector_23
                0x0000000000000132                __vector_25
                0x0000000000000132                __vector_13
                0x0000000000000132                __vector_17
                0x0000000000000132                __vector_19
                0x0000000000000132                __vector_7
                0x0000000000000132                __vector_5
                0x0000000000000132                __vector_4
                0x0000000000000132                __vector_9
                0x0000000000000132                __vector_2
                0x0000000000000132                __vector_21
                0x0000000000000132                __vector_15
                0x0000000000000132                __vector_8
                0x0000000000000132                __vector_14
                0x0000000000000132                __vector_10
                0x0000000000000132                __vector_16
                0x0000000000000132                __vector_20
                0x0000000000000136                . = ALIGN (0x2)
 *(.text.*)
 .text.reset_handler
                0x0000000000000136        0x8 /home/mpiuser/Application/Task1-5HD/bin/arduino-uno/atmega_common/startup.o
                0x0000000000000136                reset_handler
 .text._Z5setupv
                0x000000000000013e       0x2e /home/mpiuser/Application/Task1-5HD/bin/arduino-uno/application_Task1-5HD.a(_sketches.o)
                0x000000000000013e                _Z5setupv
 .text._Z4loopv
                0x000000000000016c       0x24 /home/mpiuser/Application/Task1-5HD/bin/arduino-uno/application_Task1-5HD.a(_sketches.o)
                0x000000000000016c                _Z4loopv
 .text.__vector_1
                0x0000000000000190       0x58 /home/mpiuser/Application/Task1-5HD/bin/arduino-uno/application_Task1-5HD.a(_sketches.o)
                0x0000000000000190                __vector_1
 .text.startup.main
                0x00000000000001e8        0xa /home/mpiuser/Application/Task1-5HD/bin/arduino-uno/application_Task1-5HD.a(_sketches.o)
                0x00000000000001e8                main
 .text.startup._GLOBAL__sub_I__Z5setupv
                0x00000000000001f2        0xc /home/mpiuser/Application/Task1-5HD/bin/arduino-uno/application_Task1-5HD.a(_sketches.o)
 .text._Z5delaym
                0x00000000000001fe       0x24 /home/mpiuser/Application/Task1-5HD/bin/arduino-uno/arduino.a(base.o)
                0x00000000000001fe                _Z5delaym
 .text.startup._GLOBAL__sub_I__Z7pinModeii
                0x0000000000000222        0xc /home/mpiuser/Application/Task1-5HD/bin/arduino-uno/arduino.a(base.o)
 .text._Z5rx_cbPvh
                0x000000000000022e        0x4 /home/mpiuser/Application/Task1-5HD/bin/arduino-uno/arduino.a(serialport.o)
                0x000000000000022e                _Z5rx_cbPvh
 .text._ZN10SerialPortC2Ej
                0x0000000000000232        0x8 /home/mpiuser/Application/Task1-5HD/bin/arduino-uno/arduino.a(serialport.o)
                0x0000000000000232                _ZN10SerialPortC2Ej
                0x0000000000000232                _ZN10SerialPortC1Ej
 .text._ZN10SerialPort5beginEl
                0x000000000000023a       0x3a /home/mpiuser/Application/Task1-5HD/bin/arduino-uno/arduino.a(serialport.o)
                0x000000000000023a                _ZN10SerialPort5beginEl
 .text._ZN10SerialPort5writeEPKc
                0x0000000000000274       0x2e /home/mpiuser/Application/Task1-5HD/bin/arduino-uno/arduino.a(serialport.o)
                0x0000000000000274                _ZN10SerialPort5writeEPKc
 .text._ZN10SerialPort7printlnEPKc
                0x00000000000002a2       0x28 /home/mpiuser/Application/Task1-5HD/bin/arduino-uno/arduino.a(serialport.o)
                0x00000000000002a2                _ZN10SerialPort7printlnEPKc
 .text.irq_disable
                0x00000000000002ca        0xc /home/mpiuser/Application/Task1-5HD/bin/arduino-uno/atmega_common.a(irq_arch.o)
                0x00000000000002ca                irq_disable
 .text.irq_enable
                0x00000000000002d6        0xc /home/mpiuser/Application/Task1-5HD/bin/arduino-uno/atmega_common.a(irq_arch.o)
                0x00000000000002d6                irq_enable
 .text.irq_restore
                0x00000000000002e2       0x14 /home/mpiuser/Application/Task1-5HD/bin/arduino-uno/atmega_common.a(irq_arch.o)
                0x00000000000002e2                irq_restore
 .text.irq_is_in
                0x00000000000002f6        0x8 /home/mpiuser/Application/Task1-5HD/bin/arduino-uno/atmega_common.a(irq_arch.o)
                0x00000000000002f6                irq_is_in
 .text.uart_init
                0x00000000000002fe       0x8e /home/mpiuser/Application/Task1-5HD/bin/arduino-uno/atmega_common_periph.a(uart.o)
                0x00000000000002fe                uart_init
 .text.uart_write
                0x000000000000038c       0x1e /home/mpiuser/Application/Task1-5HD/bin/arduino-uno/atmega_common_periph.a(uart.o)
                0x000000000000038c                uart_write
 .text.__vector_18
                0x00000000000003aa       0x7c /home/mpiuser/Application/Task1-5HD/bin/arduino-uno/atmega_common_periph.a(uart.o)
                0x00000000000003aa                __vector_18
 .text.gpio_init
                0x0000000000000426       0x72 /home/mpiuser/Application/Task1-5HD/bin/arduino-uno/atmega_common_periph.a(gpio.o)
                0x0000000000000426                gpio_init
 .text._isr.constprop.0
                0x0000000000000498       0x5a /home/mpiuser/Application/Task1-5HD/bin/arduino-uno/atmega_common_periph.a(timer.o)
 .text.timer_init
                0x00000000000004f2       0x96 /home/mpiuser/Application/Task1-5HD/bin/arduino-uno/atmega_common_periph.a(timer.o)
                0x00000000000004f2                timer_init
 .text.timer_set_absolute
                0x0000000000000588       0x62 /home/mpiuser/Application/Task1-5HD/bin/arduino-uno/atmega_common_periph.a(timer.o)
                0x0000000000000588                timer_set_absolute
 .text.timer_read
                0x00000000000005ea       0x20 /home/mpiuser/Application/Task1-5HD/bin/arduino-uno/atmega_common_periph.a(timer.o)
                0x00000000000005ea                timer_read
 .text.__vector_11
                0x000000000000060a       0x4c /home/mpiuser/Application/Task1-5HD/bin/arduino-uno/atmega_common_periph.a(timer.o)
                0x000000000000060a                __vector_11
 .text.__vector_12
                0x0000000000000656       0x4c /home/mpiuser/Application/Task1-5HD/bin/arduino-uno/atmega_common_periph.a(timer.o)
                0x0000000000000656                __vector_12
 .text.board_init
                0x00000000000006a2       0x1a /home/mpiuser/Application/Task1-5HD/bin/arduino-uno/boards_common_atmega.a(board.o)
                0x00000000000006a2                board_init
 .text.sched_run
                0x00000000000006bc       0x7e /home/mpiuser/Application/Task1-5HD/bin/arduino-uno/core.a(sched.o)
                0x00000000000006bc                sched_run
 .text.sched_set_status
                0x000000000000073a      0x122 /home/mpiuser/Application/Task1-5HD/bin/arduino-uno/core.a(sched.o)
                0x000000000000073a                sched_set_status
 .text.sched_switch
                0x000000000000085c       0x34 /home/mpiuser/Application/Task1-5HD/bin/arduino-uno/core.a(sched.o)
                0x000000000000085c                sched_switch
 .text.sched_task_exit
                0x0000000000000890       0x44 /home/mpiuser/Application/Task1-5HD/bin/arduino-uno/core.a(sched.o)
                0x0000000000000890                sched_task_exit
 .text.ringbuffer_add_one
                0x00000000000008d4       0x76 /home/mpiuser/Application/Task1-5HD/bin/arduino-uno/core.a(ringbuffer.o)
                0x00000000000008d4                ringbuffer_add_one
 .text.main_trampoline
                0x000000000000094a       0x1e /home/mpiuser/Application/Task1-5HD/bin/arduino-uno/core.a(kernel_init.o)
 .text.idle_thread
                0x0000000000000968        0x6 /home/mpiuser/Application/Task1-5HD/bin/arduino-uno/core.a(kernel_init.o)
 .text.kernel_init
                0x000000000000096e       0x48 /home/mpiuser/Application/Task1-5HD/bin/arduino-uno/core.a(kernel_init.o)
                0x000000000000096e                kernel_init
 .text.thread_yield
                0x00000000000009b6       0x36 /home/mpiuser/Application/Task1-5HD/bin/arduino-uno/core.a(thread.o)
                0x00000000000009b6                thread_yield
 .text.thread_add_to_list
                0x00000000000009ec       0x36 /home/mpiuser/Application/Task1-5HD/bin/arduino-uno/core.a(thread.o)
                0x00000000000009ec                thread_add_to_list
 .text.thread_create
                0x0000000000000a22      0x11a /home/mpiuser/Application/Task1-5HD/bin/arduino-uno/core.a(thread.o)
                0x0000000000000a22                thread_create
 .text._xtimer_now
                0x0000000000000b3c       0x58 /home/mpiuser/Application/Task1-5HD/bin/arduino-uno/xtimer.a(xtimer_core.o)
 .text._xtimer_now_internal
                0x0000000000000b94       0x6e /home/mpiuser/Application/Task1-5HD/bin/arduino-uno/xtimer.a(xtimer_core.o)
 .text._lltimer_set
                0x0000000000000c02       0x1c /home/mpiuser/Application/Task1-5HD/bin/arduino-uno/xtimer.a(xtimer_core.o)
 .text._add_timer_to_long_list.constprop.3
                0x0000000000000c1e       0x7e /home/mpiuser/Application/Task1-5HD/bin/arduino-uno/xtimer.a(xtimer_core.o)
 .text._next_period
                0x0000000000000c9c      0x1a6 /home/mpiuser/Application/Task1-5HD/bin/arduino-uno/xtimer.a(xtimer_core.o)
 .text._periph_timer_callback
                0x0000000000000e42      0x204 /home/mpiuser/Application/Task1-5HD/bin/arduino-uno/xtimer.a(xtimer_core.o)
 .text._remove  0x0000000000001046       0x96 /home/mpiuser/Application/Task1-5HD/bin/arduino-uno/xtimer.a(xtimer_core.o)
 .text.xtimer_init
                0x00000000000010dc       0x2a /home/mpiuser/Application/Task1-5HD/bin/arduino-uno/xtimer.a(xtimer_core.o)
                0x00000000000010dc                xtimer_init
 .text._xtimer_set_absolute
                0x0000000000001106      0x1e8 /home/mpiuser/Application/Task1-5HD/bin/arduino-uno/xtimer.a(xtimer_core.o)
                0x0000000000001106                _xtimer_set_absolute
 .text.xtimer_remove
                0x00000000000012ee       0x46 /home/mpiuser/Application/Task1-5HD/bin/arduino-uno/xtimer.a(xtimer_core.o)
                0x00000000000012ee                xtimer_remove
 .text._xtimer_set
                0x0000000000001334       0xc4 /home/mpiuser/Application/Task1-5HD/bin/arduino-uno/xtimer.a(xtimer_core.o)
                0x0000000000001334                _xtimer_set
 .text._xtimer_set64
                0x00000000000013f8       0xf8 /home/mpiuser/Application/Task1-5HD/bin/arduino-uno/xtimer.a(xtimer_core.o)
                0x00000000000013f8                _xtimer_set64
 .text._callback_unlock_mutex
                0x00000000000014f0        0x4 /home/mpiuser/Application/Task1-5HD/bin/arduino-uno/xtimer.a(xtimer.o)
 .text._xtimer_spin
                0x00000000000014f4       0x5a /home/mpiuser/Application/Task1-5HD/bin/arduino-uno/xtimer.a(xtimer.o)
 .text._xtimer_tsleep
                0x000000000000154e       0xbc /home/mpiuser/Application/Task1-5HD/bin/arduino-uno/xtimer.a(xtimer.o)
                0x000000000000154e                _xtimer_tsleep
 .text.pm_set_lowest
                0x000000000000160a        0x2 /home/mpiuser/Application/Task1-5HD/bin/arduino-uno/periph_common.a(pm.o)
                0x000000000000160a                pm_set_lowest
 .text.cpu_init
                0x000000000000160c       0x1c /home/mpiuser/Application/Task1-5HD/bin/arduino-uno/atmega_common.a(cpu.o)
                0x000000000000160c                cpu_init
 .text.__vector_default
                0x0000000000001628       0x16 /home/mpiuser/Application/Task1-5HD/bin/arduino-uno/atmega_common.a(cpu.o)
                0x0000000000001628                __vector_default
 .text.__enter_thread_mode
                0x000000000000163e       0x5a /home/mpiuser/Application/Task1-5HD/bin/arduino-uno/atmega_common.a(thread_arch.o)
 .text.thread_stack_init
                0x0000000000001698       0x5a /home/mpiuser/Application/Task1-5HD/bin/arduino-uno/atmega_common.a(thread_arch.o)
                0x0000000000001698                thread_stack_init
 .text.cpu_switch_context_exit
                0x00000000000016f2        0x8 /home/mpiuser/Application/Task1-5HD/bin/arduino-uno/atmega_common.a(thread_arch.o)
                0x00000000000016f2                cpu_switch_context_exit
 .text.thread_yield_higher
                0x00000000000016fa       0xcc /home/mpiuser/Application/Task1-5HD/bin/arduino-uno/atmega_common.a(thread_arch.o)
                0x00000000000016fa                thread_yield_higher
 .text.thread_yield_isr
                0x00000000000017c6       0xb4 /home/mpiuser/Application/Task1-5HD/bin/arduino-uno/atmega_common.a(thread_arch.o)
                0x00000000000017c6                thread_yield_isr
 .text.auto_init
                0x000000000000187a        0x4 /home/mpiuser/Application/Task1-5HD/bin/arduino-uno/auto_init.a(auto_init.o)
                0x000000000000187a                auto_init
 .text._uart_getchar
                0x000000000000187e       0x26 /home/mpiuser/Application/Task1-5HD/bin/arduino-uno/avr_libc_extra.a(atmega_stdio.o)
 .text._uart_putchar
                0x00000000000018a4       0x24 /home/mpiuser/Application/Task1-5HD/bin/arduino-uno/avr_libc_extra.a(atmega_stdio.o)
 .text.atmega_stdio_init
                0x00000000000018c8       0x20 /home/mpiuser/Application/Task1-5HD/bin/arduino-uno/avr_libc_extra.a(atmega_stdio.o)
                0x00000000000018c8                atmega_stdio_init
 .text.led_init
                0x00000000000018e8        0xc /home/mpiuser/Application/Task1-5HD/bin/arduino-uno/boards_common_arduino-atmega.a(led_init.o)
                0x00000000000018e8                led_init
 .text.panic_arch
                0x00000000000018f4        0x2 /home/mpiuser/Application/Task1-5HD/bin/arduino-uno/core.a(panic.o)
                0x00000000000018f4                panic_arch
 .text.core_panic
                0x00000000000018f6       0x4c /home/mpiuser/Application/Task1-5HD/bin/arduino-uno/core.a(panic.o)
                0x00000000000018f6                core_panic
 .text._mutex_lock
                0x0000000000001942       0x8a /home/mpiuser/Application/Task1-5HD/bin/arduino-uno/core.a(mutex.o)
                0x0000000000001942                _mutex_lock
 .text.mutex_unlock
                0x00000000000019cc       0x82 /home/mpiuser/Application/Task1-5HD/bin/arduino-uno/core.a(mutex.o)
                0x00000000000019cc                mutex_unlock
 .text.stdio_init
                0x0000000000001a4e       0x22 /home/mpiuser/Application/Task1-5HD/bin/arduino-uno/stdio_uart.a(stdio_uart.o)
                0x0000000000001a4e                stdio_init
 .text.stdio_read
                0x0000000000001a70        0xc /home/mpiuser/Application/Task1-5HD/bin/arduino-uno/stdio_uart.a(stdio_uart.o)
                0x0000000000001a70                stdio_read
 .text.stdio_write
                0x0000000000001a7c       0x1a /home/mpiuser/Application/Task1-5HD/bin/arduino-uno/stdio_uart.a(stdio_uart.o)
                0x0000000000001a7c                stdio_write
 .text.periph_init
                0x0000000000001a96        0x2 /home/mpiuser/Application/Task1-5HD/bin/arduino-uno/periph_common.a(init.o)
                0x0000000000001a96                periph_init
 .text.pm_reboot
                0x0000000000001a98       0x22 /home/mpiuser/Application/Task1-5HD/bin/arduino-uno/atmega_common_periph.a(pm.o)
                0x0000000000001a98                pm_reboot
 .text.isrpipe_write_one
                0x0000000000001aba       0x24 /home/mpiuser/Application/Task1-5HD/bin/arduino-uno/isrpipe.a(isrpipe.o)
                0x0000000000001aba                isrpipe_write_one
 .text.isrpipe_read
                0x0000000000001ade       0x4a /home/mpiuser/Application/Task1-5HD/bin/arduino-uno/isrpipe.a(isrpipe.o)
                0x0000000000001ade                isrpipe_read
 .text._pop     0x0000000000001b28       0x36 /home/mpiuser/Application/Task1-5HD/bin/arduino-uno/tsrb.a(tsrb.o)
 .text.tsrb_get
                0x0000000000001b5e       0x54 /home/mpiuser/Application/Task1-5HD/bin/arduino-uno/tsrb.a(tsrb.o)
                0x0000000000001b5e                tsrb_get
 .text.tsrb_add_one
                0x0000000000001bb2       0x58 /home/mpiuser/Application/Task1-5HD/bin/arduino-uno/tsrb.a(tsrb.o)
                0x0000000000001bb2                tsrb_add_one
 .text.libgcc.div
                0x0000000000001c0a       0x44 /opt/arduino/hardware/tools/avr/bin/../lib/gcc/avr/5.4.0/avr5/libgcc.a(_udivmodsi4.o)
                0x0000000000001c0a                __udivmodsi4
 .text.libgcc.mul
                0x0000000000001c4e       0x16 /opt/arduino/hardware/tools/avr/bin/../lib/gcc/avr/5.4.0/avr5/libgcc.a(_muluhisi3.o)
                0x0000000000001c4e                __muluhisi3
 .text.libgcc   0x0000000000001c64        0xc /opt/arduino/hardware/tools/avr/bin/../lib/gcc/avr/5.4.0/avr5/libgcc.a(_tablejump2.o)
                0x0000000000001c64                __tablejump2__
 .text.libgcc.mul
                0x0000000000001c70       0x1e /opt/arduino/hardware/tools/avr/bin/../lib/gcc/avr/5.4.0/avr5/libgcc.a(_umulhisi3.o)
                0x0000000000001c70                __umulhisi3
 .text.avr-libc
                0x0000000000001c8e       0x12 /opt/arduino/hardware/tools/avr/bin/../lib/gcc/avr/5.4.0/../../../../avr/lib/avr5/libc.a(strlen.o)
                0x0000000000001c8e                strlen
 .text.avr-libc
                0x0000000000001ca0       0x2c /opt/arduino/hardware/tools/avr/bin/../lib/gcc/avr/5.4.0/../../../../avr/lib/avr5/libc.a(printf.o)
                0x0000000000001ca0                printf
 .text.avr-libc
                0x0000000000001ccc       0x60 /opt/arduino/hardware/tools/avr/bin/../lib/gcc/avr/5.4.0/../../../../avr/lib/avr5/libc.a(puts.o)
                0x0000000000001ccc                puts
 .text.avr-libc
                0x0000000000001d2c      0x3c2 /opt/arduino/hardware/tools/avr/bin/../lib/gcc/avr/5.4.0/../../../../avr/lib/avr5/libc.a(vfprintf_std.o)
                0x0000000000001d2c                vfprintf
 .text.avr-libc
                0x00000000000020ee       0x16 /opt/arduino/hardware/tools/avr/bin/../lib/gcc/avr/5.4.0/../../../../avr/lib/avr5/libc.a(strnlen_P.o)
                0x00000000000020ee                strnlen_P
 .text.avr-libc
                0x0000000000002104       0x16 /opt/arduino/hardware/tools/avr/bin/../lib/gcc/avr/5.4.0/../../../../avr/lib/avr5/libc.a(strnlen.o)
                0x0000000000002104                strnlen
 .text.avr-libc
                0x000000000000211a       0x78 /opt/arduino/hardware/tools/avr/bin/../lib/gcc/avr/5.4.0/../../../../avr/lib/avr5/libc.a(fputc.o)
                0x000000000000211a                fputc
 .text.avr-libc
                0x0000000000002192       0xbc /opt/arduino/hardware/tools/avr/bin/../lib/gcc/avr/5.4.0/../../../../avr/lib/avr5/libc.a(ultoa_invert.o)
                0x0000000000002192                __ultoa_invert
 .text.libgcc.prologue
                0x000000000000224e       0x38 /opt/arduino/hardware/tools/avr/bin/../lib/gcc/avr/5.4.0/avr5/libgcc.a(_prologue.o)
                0x000000000000224e                __prologue_saves__
 .text.libgcc.prologue
                0x0000000000002286       0x36 /opt/arduino/hardware/tools/avr/bin/../lib/gcc/avr/5.4.0/avr5/libgcc.a(_epilogue.o)
                0x0000000000002286                __epilogue_restores__
                0x00000000000022bc                . = ALIGN (0x2)
 *(.fini9)
 .fini9         0x00000000000022bc        0x0 /opt/arduino/hardware/tools/avr/bin/../lib/gcc/avr/5.4.0/avr5/libgcc.a(_exit.o)
                0x00000000000022bc                exit
                0x00000000000022bc                _exit
 *(.fini9)
 *(.fini8)
 *(.fini8)
 *(.fini7)
 *(.fini7)
 *(.fini6)
 *(.fini6)
 *(.fini5)
 *(.fini5)
 *(.fini4)
 *(.fini4)
 *(.fini3)
 *(.fini3)
 *(.fini2)
 *(.fini2)
 *(.fini1)
 *(.fini1)
 *(.fini0)
 .fini0         0x00000000000022bc        0x4 /opt/arduino/hardware/tools/avr/bin/../lib/gcc/avr/5.4.0/avr5/libgcc.a(_exit.o)
 *(.fini0)
                0x00000000000022c0                _etext = .

.data           0x0000000000800100       0xfa load address 0x00000000000022c0
                0x0000000000800100                PROVIDE (__data_start, .)
 *(.data)
 *(.data*)
 .data.ctx      0x0000000000800100        0xc /home/mpiuser/Application/Task1-5HD/bin/arduino-uno/atmega_common_periph.a(timer.o)
 .data.idle_name
                0x000000000080010c        0x2 /home/mpiuser/Application/Task1-5HD/bin/arduino-uno/core.a(kernel_init.o)
                0x000000000080010c                idle_name
 .data.main_name
                0x000000000080010e        0x2 /home/mpiuser/Application/Task1-5HD/bin/arduino-uno/core.a(kernel_init.o)
                0x000000000080010e                main_name
 .data._uart_stdin
                0x0000000000800110        0xe /home/mpiuser/Application/Task1-5HD/bin/arduino-uno/avr_libc_extra.a(atmega_stdio.o)
 .data._uart_stdout
                0x000000000080011e        0xe /home/mpiuser/Application/Task1-5HD/bin/arduino-uno/avr_libc_extra.a(atmega_stdio.o)
 .data.stdio_uart_isrpipe
                0x000000000080012c        0xa /home/mpiuser/Application/Task1-5HD/bin/arduino-uno/stdio_uart.a(stdio_uart.o)
                0x000000000080012c                stdio_uart_isrpipe
 *(.gnu.linkonce.d*)
 *(.rodata)
 *(.rodata*)
 .rodata.str1.1
                0x0000000000800136       0x38 /home/mpiuser/Application/Task1-5HD/bin/arduino-uno/application_Task1-5HD.a(_sketches.o)
 .rodata.str1.1
                0x000000000080016e       0x11 /home/mpiuser/Application/Task1-5HD/bin/arduino-uno/arduino.a(serialport.o)
 .rodata.prescalers
                0x000000000080017f        0x5 /home/mpiuser/Application/Task1-5HD/bin/arduino-uno/atmega_common_periph.a(timer.o)
 .rodata.str1.1
                0x0000000000800184       0x45 /home/mpiuser/Application/Task1-5HD/bin/arduino-uno/core.a(kernel_init.o)
 .rodata.str1.1
                0x00000000008001c9        0x2 /home/mpiuser/Application/Task1-5HD/bin/arduino-uno/avr_libc_extra.a(atmega_stdio.o)
 .rodata.str1.1
                0x00000000008001cb       0x2f /home/mpiuser/Application/Task1-5HD/bin/arduino-uno/core.a(panic.o)
 *(.gnu.linkonce.r*)
                0x00000000008001fa                . = ALIGN (0x2)
                0x00000000008001fa                _edata = .
                0x00000000008001fa                PROVIDE (__data_end, .)

.bss            0x00000000008001fa      0x45f
                0x00000000008001fa                PROVIDE (__bss_start, .)
 *(.bss)
 *(.bss*)
 .bss._ZL6Serial
                0x00000000008001fa       0x4a /home/mpiuser/Application/Task1-5HD/bin/arduino-uno/application_Task1-5HD.a(_sketches.o)
 .bss._ZL6Serial
                0x0000000000800244       0x4a /home/mpiuser/Application/Task1-5HD/bin/arduino-uno/arduino.a(base.o)
 .bss.__in_isr  0x000000000080028e        0x1 /home/mpiuser/Application/Task1-5HD/bin/arduino-uno/atmega_common.a(irq_arch.o)
                0x000000000080028e                __in_isr
 .bss.isr_ctx   0x000000000080028f        0x4 /home/mpiuser/Application/Task1-5HD/bin/arduino-uno/atmega_common_periph.a(uart.o)
 .bss.runqueue_bitcache
                0x0000000000800293        0x4 /home/mpiuser/Application/Task1-5HD/bin/arduino-uno/core.a(sched.o)
 .bss.sched_runqueues
                0x0000000000800297       0x20 /home/mpiuser/Application/Task1-5HD/bin/arduino-uno/core.a(sched.o)
                0x0000000000800297                sched_runqueues
 .bss.sched_active_pid
                0x00000000008002b7        0x2 /home/mpiuser/Application/Task1-5HD/bin/arduino-uno/core.a(sched.o)
                0x00000000008002b7                sched_active_pid
 .bss.sched_active_thread
                0x00000000008002b9        0x2 /home/mpiuser/Application/Task1-5HD/bin/arduino-uno/core.a(sched.o)
                0x00000000008002b9                sched_active_thread
 .bss.sched_threads
                0x00000000008002bb       0x42 /home/mpiuser/Application/Task1-5HD/bin/arduino-uno/core.a(sched.o)
                0x00000000008002bb                sched_threads
 .bss.sched_context_switch_request
                0x00000000008002fd        0x2 /home/mpiuser/Application/Task1-5HD/bin/arduino-uno/core.a(sched.o)
                0x00000000008002fd                sched_context_switch_request
 .bss.sched_num_threads
                0x00000000008002ff        0x2 /home/mpiuser/Application/Task1-5HD/bin/arduino-uno/core.a(sched.o)
                0x00000000008002ff                sched_num_threads
 .bss.idle_stack
                0x0000000000800301       0x80 /home/mpiuser/Application/Task1-5HD/bin/arduino-uno/core.a(kernel_init.o)
 .bss.main_stack
                0x0000000000800381      0x280 /home/mpiuser/Application/Task1-5HD/bin/arduino-uno/core.a(kernel_init.o)
 .bss.long_list_head
                0x0000000000800601        0x2 /home/mpiuser/Application/Task1-5HD/bin/arduino-uno/xtimer.a(xtimer_core.o)
 .bss.overflow_list_head
                0x0000000000800603        0x2 /home/mpiuser/Application/Task1-5HD/bin/arduino-uno/xtimer.a(xtimer_core.o)
 .bss.timer_list_head
                0x0000000000800605        0x2 /home/mpiuser/Application/Task1-5HD/bin/arduino-uno/xtimer.a(xtimer_core.o)
 .bss._xtimer_high_cnt
                0x0000000000800607        0x4 /home/mpiuser/Application/Task1-5HD/bin/arduino-uno/xtimer.a(xtimer_core.o)
                0x0000000000800607                _xtimer_high_cnt
 .bss._long_cnt
                0x000000000080060b        0x4 /home/mpiuser/Application/Task1-5HD/bin/arduino-uno/xtimer.a(xtimer_core.o)
 .bss._in_handler
                0x000000000080060f        0x2 /home/mpiuser/Application/Task1-5HD/bin/arduino-uno/xtimer.a(xtimer_core.o)
 .bss.crashed   0x0000000000800611        0x2 /home/mpiuser/Application/Task1-5HD/bin/arduino-uno/core.a(panic.o)
 .bss._rx_buf_mem
                0x0000000000800613       0x40 /home/mpiuser/Application/Task1-5HD/bin/arduino-uno/stdio_uart.a(stdio_uart.o)
 *(COMMON)
 COMMON         0x0000000000800653        0x6 /opt/arduino/hardware/tools/avr/bin/../lib/gcc/avr/5.4.0/../../../../avr/lib/avr5/libc.a(iob.o)
                0x0000000000800653                __iob
                0x0000000000800659                PROVIDE (__bss_end, .)
                0x00000000000022c0                __data_load_start = LOADADDR (.data)
                0x00000000000023ba                __data_load_end = (__data_load_start + SIZEOF (.data))

.noinit         0x0000000000800659        0x2
                [!provide]                        PROVIDE (__noinit_start, .)
 *(.noinit*)
 .noinit        0x0000000000800659        0x2 /home/mpiuser/Application/Task1-5HD/bin/arduino-uno/atmega_common.a(cpu.o)
                0x0000000000800659                soft_rst
                0x000000000080065a                mcusr_mirror
                [!provide]                        PROVIDE (__noinit_end, .)
                0x000000000080065b                _end = .
                [!provide]                        PROVIDE (__heap_start, .)

.eeprom         0x0000000000810000        0x0
 *(.eeprom*)
                0x0000000000810000                __eeprom_end = .

.fuse
 *(.fuse)
 *(.lfuse)
 *(.hfuse)
 *(.efuse)

.lock
 *(.lock*)

.signature
 *(.signature*)

.user_signatures
 *(.user_signatures*)

.stab
 *(.stab)

.stabstr
 *(.stabstr)

.stab.excl
 *(.stab.excl)

.stab.exclstr
 *(.stab.exclstr)

.stab.index
 *(.stab.index)

.stab.indexstr
 *(.stab.indexstr)

.comment        0x0000000000000000       0x11
 *(.comment)
 .comment       0x0000000000000000       0x11 /home/mpiuser/Application/Task1-5HD/bin/arduino-uno/atmega_common/startup.o
                                         0x12 (size before relaxing)
 .comment       0x0000000000000011       0x12 /home/mpiuser/Application/Task1-5HD/bin/arduino-uno/application_Task1-5HD.a(_sketches.o)
 .comment       0x0000000000000011       0x12 /home/mpiuser/Application/Task1-5HD/bin/arduino-uno/arduino.a(base.o)
 .comment       0x0000000000000011       0x12 /home/mpiuser/Application/Task1-5HD/bin/arduino-uno/arduino.a(serialport.o)
 .comment       0x0000000000000011       0x12 /home/mpiuser/Application/Task1-5HD/bin/arduino-uno/atmega_common.a(irq_arch.o)
 .comment       0x0000000000000011       0x12 /home/mpiuser/Application/Task1-5HD/bin/arduino-uno/atmega_common_periph.a(uart.o)
 .comment       0x0000000000000011       0x12 /home/mpiuser/Application/Task1-5HD/bin/arduino-uno/atmega_common_periph.a(gpio.o)
 .comment       0x0000000000000011       0x12 /home/mpiuser/Application/Task1-5HD/bin/arduino-uno/atmega_common_periph.a(timer.o)
 .comment       0x0000000000000011       0x12 /home/mpiuser/Application/Task1-5HD/bin/arduino-uno/boards_common_atmega.a(board.o)
 .comment       0x0000000000000011       0x12 /home/mpiuser/Application/Task1-5HD/bin/arduino-uno/core.a(sched.o)
 .comment       0x0000000000000011       0x12 /home/mpiuser/Application/Task1-5HD/bin/arduino-uno/core.a(ringbuffer.o)
 .comment       0x0000000000000011       0x12 /home/mpiuser/Application/Task1-5HD/bin/arduino-uno/core.a(kernel_init.o)
 .comment       0x0000000000000011       0x12 /home/mpiuser/Application/Task1-5HD/bin/arduino-uno/core.a(thread.o)
 .comment       0x0000000000000011       0x12 /home/mpiuser/Application/Task1-5HD/bin/arduino-uno/xtimer.a(xtimer_core.o)
 .comment       0x0000000000000011       0x12 /home/mpiuser/Application/Task1-5HD/bin/arduino-uno/xtimer.a(xtimer.o)
 .comment       0x0000000000000011       0x12 /home/mpiuser/Application/Task1-5HD/bin/arduino-uno/periph_common.a(pm.o)
 .comment       0x0000000000000011       0x12 /home/mpiuser/Application/Task1-5HD/bin/arduino-uno/atmega_common.a(cpu.o)
 .comment       0x0000000000000011       0x12 /home/mpiuser/Application/Task1-5HD/bin/arduino-uno/atmega_common.a(thread_arch.o)
 .comment       0x0000000000000011       0x12 /home/mpiuser/Application/Task1-5HD/bin/arduino-uno/auto_init.a(auto_init.o)
 .comment       0x0000000000000011       0x12 /home/mpiuser/Application/Task1-5HD/bin/arduino-uno/avr_libc_extra.a(atmega_stdio.o)
 .comment       0x0000000000000011       0x12 /home/mpiuser/Application/Task1-5HD/bin/arduino-uno/boards_common_arduino-atmega.a(led_init.o)
 .comment       0x0000000000000011       0x12 /home/mpiuser/Application/Task1-5HD/bin/arduino-uno/core.a(panic.o)
 .comment       0x0000000000000011       0x12 /home/mpiuser/Application/Task1-5HD/bin/arduino-uno/core.a(mutex.o)
 .comment       0x0000000000000011       0x12 /home/mpiuser/Application/Task1-5HD/bin/arduino-uno/stdio_uart.a(stdio_uart.o)
 .comment       0x0000000000000011       0x12 /home/mpiuser/Application/Task1-5HD/bin/arduino-uno/periph_common.a(init.o)
 .comment       0x0000000000000011       0x12 /home/mpiuser/Application/Task1-5HD/bin/arduino-uno/atmega_common_periph.a(pm.o)
 .comment       0x0000000000000011       0x12 /home/mpiuser/Application/Task1-5HD/bin/arduino-uno/isrpipe.a(isrpipe.o)
 .comment       0x0000000000000011       0x12 /home/mpiuser/Application/Task1-5HD/bin/arduino-uno/tsrb.a(tsrb.o)
 .comment       0x0000000000000011       0x12 /opt/arduino/hardware/tools/avr/bin/../lib/gcc/avr/5.4.0/../../../../avr/lib/avr5/libc.a(iob.o)
 .comment       0x0000000000000011       0x12 /opt/arduino/hardware/tools/avr/bin/../lib/gcc/avr/5.4.0/../../../../avr/lib/avr5/libc.a(printf.o)
 .comment       0x0000000000000011       0x12 /opt/arduino/hardware/tools/avr/bin/../lib/gcc/avr/5.4.0/../../../../avr/lib/avr5/libc.a(puts.o)
 .comment       0x0000000000000011       0x12 /opt/arduino/hardware/tools/avr/bin/../lib/gcc/avr/5.4.0/../../../../avr/lib/avr5/libc.a(vfprintf_std.o)
 .comment       0x0000000000000011       0x12 /opt/arduino/hardware/tools/avr/bin/../lib/gcc/avr/5.4.0/../../../../avr/lib/avr5/libc.a(fputc.o)

.note.gnu.avr.deviceinfo
                0x0000000000000000       0x40
 .note.gnu.avr.deviceinfo
                0x0000000000000000       0x40 /opt/arduino/hardware/tools/avr/bin/../lib/gcc/avr/5.4.0/../../../../avr/lib/avr5/crtatmega328p.o

.note.gnu.build-id
 *(.note.gnu.build-id)

.debug
 *(.debug)

.line
 *(.line)

.debug_srcinfo
 *(.debug_srcinfo)

.debug_sfnames
 *(.debug_sfnames)

.debug_aranges  0x0000000000000000      0x898
 *(.debug_aranges)
 .debug_aranges
                0x0000000000000000       0x30 /home/mpiuser/Application/Task1-5HD/bin/arduino-uno/atmega_common/startup.o
 .debug_aranges
                0x0000000000000030       0x40 /home/mpiuser/Application/Task1-5HD/bin/arduino-uno/application_Task1-5HD.a(_sketches.o)
 .debug_aranges
                0x0000000000000070       0x58 /home/mpiuser/Application/Task1-5HD/bin/arduino-uno/arduino.a(base.o)
 .debug_aranges
                0x00000000000000c8       0xc0 /home/mpiuser/Application/Task1-5HD/bin/arduino-uno/arduino.a(serialport.o)
 .debug_aranges
                0x0000000000000188       0x38 /home/mpiuser/Application/Task1-5HD/bin/arduino-uno/atmega_common.a(irq_arch.o)
 .debug_aranges
                0x00000000000001c0       0x38 /home/mpiuser/Application/Task1-5HD/bin/arduino-uno/atmega_common_periph.a(uart.o)
 .debug_aranges
                0x00000000000001f8       0x48 /home/mpiuser/Application/Task1-5HD/bin/arduino-uno/atmega_common_periph.a(gpio.o)
 .debug_aranges
                0x0000000000000240       0x60 /home/mpiuser/Application/Task1-5HD/bin/arduino-uno/atmega_common_periph.a(timer.o)
 .debug_aranges
                0x00000000000002a0       0x20 /home/mpiuser/Application/Task1-5HD/bin/arduino-uno/boards_common_atmega.a(board.o)
 .debug_aranges
                0x00000000000002c0       0x38 /home/mpiuser/Application/Task1-5HD/bin/arduino-uno/core.a(sched.o)
 .debug_aranges
                0x00000000000002f8       0x50 /home/mpiuser/Application/Task1-5HD/bin/arduino-uno/core.a(ringbuffer.o)
 .debug_aranges
                0x0000000000000348       0x30 /home/mpiuser/Application/Task1-5HD/bin/arduino-uno/core.a(kernel_init.o)
 .debug_aranges
                0x0000000000000378       0x58 /home/mpiuser/Application/Task1-5HD/bin/arduino-uno/core.a(thread.o)
 .debug_aranges
                0x00000000000003d0       0x80 /home/mpiuser/Application/Task1-5HD/bin/arduino-uno/xtimer.a(xtimer_core.o)
 .debug_aranges
                0x0000000000000450       0x98 /home/mpiuser/Application/Task1-5HD/bin/arduino-uno/xtimer.a(xtimer.o)
 .debug_aranges
                0x00000000000004e8       0x28 /home/mpiuser/Application/Task1-5HD/bin/arduino-uno/periph_common.a(pm.o)
 .debug_aranges
                0x0000000000000510       0x38 /home/mpiuser/Application/Task1-5HD/bin/arduino-uno/atmega_common.a(cpu.o)
 .debug_aranges
                0x0000000000000548       0x48 /home/mpiuser/Application/Task1-5HD/bin/arduino-uno/atmega_common.a(thread_arch.o)
 .debug_aranges
                0x0000000000000590       0x20 /home/mpiuser/Application/Task1-5HD/bin/arduino-uno/auto_init.a(auto_init.o)
 .debug_aranges
                0x00000000000005b0       0x30 /home/mpiuser/Application/Task1-5HD/bin/arduino-uno/avr_libc_extra.a(atmega_stdio.o)
 .debug_aranges
                0x00000000000005e0       0x20 /home/mpiuser/Application/Task1-5HD/bin/arduino-uno/boards_common_arduino-atmega.a(led_init.o)
 .debug_aranges
                0x0000000000000600       0x28 /home/mpiuser/Application/Task1-5HD/bin/arduino-uno/core.a(panic.o)
 .debug_aranges
                0x0000000000000628       0x30 /home/mpiuser/Application/Task1-5HD/bin/arduino-uno/core.a(mutex.o)
 .debug_aranges
                0x0000000000000658       0x30 /home/mpiuser/Application/Task1-5HD/bin/arduino-uno/stdio_uart.a(stdio_uart.o)
 .debug_aranges
                0x0000000000000688       0x20 /home/mpiuser/Application/Task1-5HD/bin/arduino-uno/periph_common.a(init.o)
 .debug_aranges
                0x00000000000006a8       0x20 /home/mpiuser/Application/Task1-5HD/bin/arduino-uno/atmega_common_periph.a(pm.o)
 .debug_aranges
                0x00000000000006c8       0x48 /home/mpiuser/Application/Task1-5HD/bin/arduino-uno/isrpipe.a(isrpipe.o)
 .debug_aranges
                0x0000000000000710       0x48 /home/mpiuser/Application/Task1-5HD/bin/arduino-uno/tsrb.a(tsrb.o)
 .debug_aranges
                0x0000000000000758       0x20 /opt/arduino/hardware/tools/avr/bin/../lib/gcc/avr/5.4.0/avr5/libgcc.a(_udivmodsi4.o)
 .debug_aranges
                0x0000000000000778       0x20 /opt/arduino/hardware/tools/avr/bin/../lib/gcc/avr/5.4.0/avr5/libgcc.a(_exit.o)
 .debug_aranges
                0x0000000000000798       0x20 /opt/arduino/hardware/tools/avr/bin/../lib/gcc/avr/5.4.0/avr5/libgcc.a(_copy_data.o)
 .debug_aranges
                0x00000000000007b8       0x20 /opt/arduino/hardware/tools/avr/bin/../lib/gcc/avr/5.4.0/avr5/libgcc.a(_clear_bss.o)
 .debug_aranges
                0x00000000000007d8       0x20 /opt/arduino/hardware/tools/avr/bin/../lib/gcc/avr/5.4.0/avr5/libgcc.a(_ctors.o)
 .debug_aranges
                0x00000000000007f8       0x20 /opt/arduino/hardware/tools/avr/bin/../lib/gcc/avr/5.4.0/avr5/libgcc.a(_muluhisi3.o)
 .debug_aranges
                0x0000000000000818       0x20 /opt/arduino/hardware/tools/avr/bin/../lib/gcc/avr/5.4.0/avr5/libgcc.a(_tablejump2.o)
 .debug_aranges
                0x0000000000000838       0x20 /opt/arduino/hardware/tools/avr/bin/../lib/gcc/avr/5.4.0/avr5/libgcc.a(_umulhisi3.o)
 .debug_aranges
                0x0000000000000858       0x20 /opt/arduino/hardware/tools/avr/bin/../lib/gcc/avr/5.4.0/avr5/libgcc.a(_prologue.o)
 .debug_aranges
                0x0000000000000878       0x20 /opt/arduino/hardware/tools/avr/bin/../lib/gcc/avr/5.4.0/avr5/libgcc.a(_epilogue.o)

.debug_pubnames
 *(.debug_pubnames)

.debug_info     0x0000000000000000     0xb3f4
 *(.debug_info .gnu.linkonce.wi.*)
 .debug_info    0x0000000000000000      0x5f4 /opt/arduino/hardware/tools/avr/bin/../lib/gcc/avr/5.4.0/../../../../avr/lib/avr5/crtatmega328p.o
 .debug_info    0x00000000000005f4      0x255 /home/mpiuser/Application/Task1-5HD/bin/arduino-uno/atmega_common/startup.o
 .debug_info    0x0000000000000849      0x815 /home/mpiuser/Application/Task1-5HD/bin/arduino-uno/application_Task1-5HD.a(_sketches.o)
 .debug_info    0x000000000000105e      0xc46 /home/mpiuser/Application/Task1-5HD/bin/arduino-uno/arduino.a(base.o)
 .debug_info    0x0000000000001ca4     0x10ad /home/mpiuser/Application/Task1-5HD/bin/arduino-uno/arduino.a(serialport.o)
 .debug_info    0x0000000000002d51      0x1ea /home/mpiuser/Application/Task1-5HD/bin/arduino-uno/atmega_common.a(irq_arch.o)
 .debug_info    0x0000000000002f3b      0x5c0 /home/mpiuser/Application/Task1-5HD/bin/arduino-uno/atmega_common_periph.a(uart.o)
 .debug_info    0x00000000000034fb      0x678 /home/mpiuser/Application/Task1-5HD/bin/arduino-uno/atmega_common_periph.a(gpio.o)
 .debug_info    0x0000000000003b73      0x617 /home/mpiuser/Application/Task1-5HD/bin/arduino-uno/atmega_common_periph.a(timer.o)
 .debug_info    0x000000000000418a      0x2d4 /home/mpiuser/Application/Task1-5HD/bin/arduino-uno/boards_common_atmega.a(board.o)
 .debug_info    0x000000000000445e      0x5dd /home/mpiuser/Application/Task1-5HD/bin/arduino-uno/core.a(sched.o)
 .debug_info    0x0000000000004a3b      0x4f0 /home/mpiuser/Application/Task1-5HD/bin/arduino-uno/core.a(ringbuffer.o)
 .debug_info    0x0000000000004f2b      0x327 /home/mpiuser/Application/Task1-5HD/bin/arduino-uno/core.a(kernel_init.o)
 .debug_info    0x0000000000005252      0x8c7 /home/mpiuser/Application/Task1-5HD/bin/arduino-uno/core.a(thread.o)
 .debug_info    0x0000000000005b19     0x1132 /home/mpiuser/Application/Task1-5HD/bin/arduino-uno/xtimer.a(xtimer_core.o)
 .debug_info    0x0000000000006c4b     0x12c6 /home/mpiuser/Application/Task1-5HD/bin/arduino-uno/xtimer.a(xtimer.o)
 .debug_info    0x0000000000007f11      0x110 /home/mpiuser/Application/Task1-5HD/bin/arduino-uno/periph_common.a(pm.o)
 .debug_info    0x0000000000008021      0x34f /home/mpiuser/Application/Task1-5HD/bin/arduino-uno/atmega_common.a(cpu.o)
 .debug_info    0x0000000000008370      0x68b /home/mpiuser/Application/Task1-5HD/bin/arduino-uno/atmega_common.a(thread_arch.o)
 .debug_info    0x00000000000089fb      0x230 /home/mpiuser/Application/Task1-5HD/bin/arduino-uno/auto_init.a(auto_init.o)
 .debug_info    0x0000000000008c2b      0x412 /home/mpiuser/Application/Task1-5HD/bin/arduino-uno/avr_libc_extra.a(atmega_stdio.o)
 .debug_info    0x000000000000903d      0x24e /home/mpiuser/Application/Task1-5HD/bin/arduino-uno/boards_common_arduino-atmega.a(led_init.o)
 .debug_info    0x000000000000928b      0x21d /home/mpiuser/Application/Task1-5HD/bin/arduino-uno/core.a(panic.o)
 .debug_info    0x00000000000094a8      0x621 /home/mpiuser/Application/Task1-5HD/bin/arduino-uno/core.a(mutex.o)
 .debug_info    0x0000000000009ac9      0x472 /home/mpiuser/Application/Task1-5HD/bin/arduino-uno/stdio_uart.a(stdio_uart.o)
 .debug_info    0x0000000000009f3b       0x40 /home/mpiuser/Application/Task1-5HD/bin/arduino-uno/periph_common.a(init.o)
 .debug_info    0x0000000000009f7b      0x13f /home/mpiuser/Application/Task1-5HD/bin/arduino-uno/atmega_common_periph.a(pm.o)
 .debug_info    0x000000000000a0ba      0x8c9 /home/mpiuser/Application/Task1-5HD/bin/arduino-uno/isrpipe.a(isrpipe.o)
 .debug_info    0x000000000000a983      0x3c3 /home/mpiuser/Application/Task1-5HD/bin/arduino-uno/tsrb.a(tsrb.o)
 .debug_info    0x000000000000ad46       0xab /opt/arduino/hardware/tools/avr/bin/../lib/gcc/avr/5.4.0/avr5/libgcc.a(_udivmodsi4.o)
 .debug_info    0x000000000000adf1       0xab /opt/arduino/hardware/tools/avr/bin/../lib/gcc/avr/5.4.0/avr5/libgcc.a(_exit.o)
 .debug_info    0x000000000000ae9c       0xab /opt/arduino/hardware/tools/avr/bin/../lib/gcc/avr/5.4.0/avr5/libgcc.a(_copy_data.o)
 .debug_info    0x000000000000af47       0xab /opt/arduino/hardware/tools/avr/bin/../lib/gcc/avr/5.4.0/avr5/libgcc.a(_clear_bss.o)
 .debug_info    0x000000000000aff2       0xab /opt/arduino/hardware/tools/avr/bin/../lib/gcc/avr/5.4.0/avr5/libgcc.a(_ctors.o)
 .debug_info    0x000000000000b09d       0xab /opt/arduino/hardware/tools/avr/bin/../lib/gcc/avr/5.4.0/avr5/libgcc.a(_muluhisi3.o)
 .debug_info    0x000000000000b148       0xab /opt/arduino/hardware/tools/avr/bin/../lib/gcc/avr/5.4.0/avr5/libgcc.a(_tablejump2.o)
 .debug_info    0x000000000000b1f3       0xab /opt/arduino/hardware/tools/avr/bin/../lib/gcc/avr/5.4.0/avr5/libgcc.a(_umulhisi3.o)
 .debug_info    0x000000000000b29e       0xab /opt/arduino/hardware/tools/avr/bin/../lib/gcc/avr/5.4.0/avr5/libgcc.a(_prologue.o)
 .debug_info    0x000000000000b349       0xab /opt/arduino/hardware/tools/avr/bin/../lib/gcc/avr/5.4.0/avr5/libgcc.a(_epilogue.o)

.debug_abbrev   0x0000000000000000     0x3f70
 *(.debug_abbrev)
 .debug_abbrev  0x0000000000000000      0x5a2 /opt/arduino/hardware/tools/avr/bin/../lib/gcc/avr/5.4.0/../../../../avr/lib/avr5/crtatmega328p.o
 .debug_abbrev  0x00000000000005a2      0x134 /home/mpiuser/Application/Task1-5HD/bin/arduino-uno/atmega_common/startup.o
 .debug_abbrev  0x00000000000006d6      0x2db /home/mpiuser/Application/Task1-5HD/bin/arduino-uno/application_Task1-5HD.a(_sketches.o)
 .debug_abbrev  0x00000000000009b1      0x382 /home/mpiuser/Application/Task1-5HD/bin/arduino-uno/arduino.a(base.o)
 .debug_abbrev  0x0000000000000d33      0x358 /home/mpiuser/Application/Task1-5HD/bin/arduino-uno/arduino.a(serialport.o)
 .debug_abbrev  0x000000000000108b      0x139 /home/mpiuser/Application/Task1-5HD/bin/arduino-uno/atmega_common.a(irq_arch.o)
 .debug_abbrev  0x00000000000011c4      0x287 /home/mpiuser/Application/Task1-5HD/bin/arduino-uno/atmega_common_periph.a(uart.o)
 .debug_abbrev  0x000000000000144b      0x220 /home/mpiuser/Application/Task1-5HD/bin/arduino-uno/atmega_common_periph.a(gpio.o)
 .debug_abbrev  0x000000000000166b      0x290 /home/mpiuser/Application/Task1-5HD/bin/arduino-uno/atmega_common_periph.a(timer.o)
 .debug_abbrev  0x00000000000018fb      0x15d /home/mpiuser/Application/Task1-5HD/bin/arduino-uno/boards_common_atmega.a(board.o)
 .debug_abbrev  0x0000000000001a58      0x28b /home/mpiuser/Application/Task1-5HD/bin/arduino-uno/core.a(sched.o)
 .debug_abbrev  0x0000000000001ce3      0x1b4 /home/mpiuser/Application/Task1-5HD/bin/arduino-uno/core.a(ringbuffer.o)
 .debug_abbrev  0x0000000000001e97      0x187 /home/mpiuser/Application/Task1-5HD/bin/arduino-uno/core.a(kernel_init.o)
 .debug_abbrev  0x000000000000201e      0x2be /home/mpiuser/Application/Task1-5HD/bin/arduino-uno/core.a(thread.o)
 .debug_abbrev  0x00000000000022dc      0x4bb /home/mpiuser/Application/Task1-5HD/bin/arduino-uno/xtimer.a(xtimer_core.o)
 .debug_abbrev  0x0000000000002797      0x3d6 /home/mpiuser/Application/Task1-5HD/bin/arduino-uno/xtimer.a(xtimer.o)
 .debug_abbrev  0x0000000000002b6d       0xb5 /home/mpiuser/Application/Task1-5HD/bin/arduino-uno/periph_common.a(pm.o)
 .debug_abbrev  0x0000000000002c22      0x1d3 /home/mpiuser/Application/Task1-5HD/bin/arduino-uno/atmega_common.a(cpu.o)
 .debug_abbrev  0x0000000000002df5      0x285 /home/mpiuser/Application/Task1-5HD/bin/arduino-uno/atmega_common.a(thread_arch.o)
 .debug_abbrev  0x000000000000307a      0x111 /home/mpiuser/Application/Task1-5HD/bin/arduino-uno/auto_init.a(auto_init.o)
 .debug_abbrev  0x000000000000318b      0x1f3 /home/mpiuser/Application/Task1-5HD/bin/arduino-uno/avr_libc_extra.a(atmega_stdio.o)
 .debug_abbrev  0x000000000000337e      0x123 /home/mpiuser/Application/Task1-5HD/bin/arduino-uno/boards_common_arduino-atmega.a(led_init.o)
 .debug_abbrev  0x00000000000034a1      0x130 /home/mpiuser/Application/Task1-5HD/bin/arduino-uno/core.a(panic.o)
 .debug_abbrev  0x00000000000035d1      0x214 /home/mpiuser/Application/Task1-5HD/bin/arduino-uno/core.a(mutex.o)
 .debug_abbrev  0x00000000000037e5      0x1c9 /home/mpiuser/Application/Task1-5HD/bin/arduino-uno/stdio_uart.a(stdio_uart.o)
 .debug_abbrev  0x00000000000039ae       0x2f /home/mpiuser/Application/Task1-5HD/bin/arduino-uno/periph_common.a(init.o)
 .debug_abbrev  0x00000000000039dd       0xdc /home/mpiuser/Application/Task1-5HD/bin/arduino-uno/atmega_common_periph.a(pm.o)
 .debug_abbrev  0x0000000000003ab9      0x281 /home/mpiuser/Application/Task1-5HD/bin/arduino-uno/isrpipe.a(isrpipe.o)
 .debug_abbrev  0x0000000000003d3a      0x16e /home/mpiuser/Application/Task1-5HD/bin/arduino-uno/tsrb.a(tsrb.o)
 .debug_abbrev  0x0000000000003ea8       0x14 /opt/arduino/hardware/tools/avr/bin/../lib/gcc/avr/5.4.0/avr5/libgcc.a(_udivmodsi4.o)
 .debug_abbrev  0x0000000000003ebc       0x14 /opt/arduino/hardware/tools/avr/bin/../lib/gcc/avr/5.4.0/avr5/libgcc.a(_exit.o)
 .debug_abbrev  0x0000000000003ed0       0x14 /opt/arduino/hardware/tools/avr/bin/../lib/gcc/avr/5.4.0/avr5/libgcc.a(_copy_data.o)
 .debug_abbrev  0x0000000000003ee4       0x14 /opt/arduino/hardware/tools/avr/bin/../lib/gcc/avr/5.4.0/avr5/libgcc.a(_clear_bss.o)
 .debug_abbrev  0x0000000000003ef8       0x14 /opt/arduino/hardware/tools/avr/bin/../lib/gcc/avr/5.4.0/avr5/libgcc.a(_ctors.o)
 .debug_abbrev  0x0000000000003f0c       0x14 /opt/arduino/hardware/tools/avr/bin/../lib/gcc/avr/5.4.0/avr5/libgcc.a(_muluhisi3.o)
 .debug_abbrev  0x0000000000003f20       0x14 /opt/arduino/hardware/tools/avr/bin/../lib/gcc/avr/5.4.0/avr5/libgcc.a(_tablejump2.o)
 .debug_abbrev  0x0000000000003f34       0x14 /opt/arduino/hardware/tools/avr/bin/../lib/gcc/avr/5.4.0/avr5/libgcc.a(_umulhisi3.o)
 .debug_abbrev  0x0000000000003f48       0x14 /opt/arduino/hardware/tools/avr/bin/../lib/gcc/avr/5.4.0/avr5/libgcc.a(_prologue.o)
 .debug_abbrev  0x0000000000003f5c       0x14 /opt/arduino/hardware/tools/avr/bin/../lib/gcc/avr/5.4.0/avr5/libgcc.a(_epilogue.o)

.debug_line     0x0000000000000000     0xb032
 *(.debug_line .debug_line.* .debug_line_end)
 .debug_line    0x0000000000000000       0x1a /opt/arduino/hardware/tools/avr/bin/../lib/gcc/avr/5.4.0/../../../../avr/lib/avr5/crtatmega328p.o
 .debug_line    0x000000000000001a      0x5d3 /home/mpiuser/Application/Task1-5HD/bin/arduino-uno/atmega_common/startup.o
 .debug_line    0x00000000000005ed      0x6cb /home/mpiuser/Application/Task1-5HD/bin/arduino-uno/application_Task1-5HD.a(_sketches.o)
 .debug_line    0x0000000000000cb8      0x7c8 /home/mpiuser/Application/Task1-5HD/bin/arduino-uno/arduino.a(base.o)
 .debug_line    0x0000000000001480      0x854 /home/mpiuser/Application/Task1-5HD/bin/arduino-uno/arduino.a(serialport.o)
 .debug_line    0x0000000000001cd4      0x486 /home/mpiuser/Application/Task1-5HD/bin/arduino-uno/atmega_common.a(irq_arch.o)
 .debug_line    0x000000000000215a      0x628 /home/mpiuser/Application/Task1-5HD/bin/arduino-uno/atmega_common_periph.a(uart.o)
 .debug_line    0x0000000000002782      0x65b /home/mpiuser/Application/Task1-5HD/bin/arduino-uno/atmega_common_periph.a(gpio.o)
 .debug_line    0x0000000000002ddd      0x747 /home/mpiuser/Application/Task1-5HD/bin/arduino-uno/atmega_common_periph.a(timer.o)
 .debug_line    0x0000000000003524      0x5ba /home/mpiuser/Application/Task1-5HD/bin/arduino-uno/boards_common_atmega.a(board.o)
 .debug_line    0x0000000000003ade      0x56b /home/mpiuser/Application/Task1-5HD/bin/arduino-uno/core.a(sched.o)
 .debug_line    0x0000000000004049      0x32c /home/mpiuser/Application/Task1-5HD/bin/arduino-uno/core.a(ringbuffer.o)
 .debug_line    0x0000000000004375      0x543 /home/mpiuser/Application/Task1-5HD/bin/arduino-uno/core.a(kernel_init.o)
 .debug_line    0x00000000000048b8      0x63a /home/mpiuser/Application/Task1-5HD/bin/arduino-uno/core.a(thread.o)
 .debug_line    0x0000000000004ef2      0xc16 /home/mpiuser/Application/Task1-5HD/bin/arduino-uno/xtimer.a(xtimer_core.o)
 .debug_line    0x0000000000005b08      0xa49 /home/mpiuser/Application/Task1-5HD/bin/arduino-uno/xtimer.a(xtimer.o)
 .debug_line    0x0000000000006551      0x4ad /home/mpiuser/Application/Task1-5HD/bin/arduino-uno/periph_common.a(pm.o)
 .debug_line    0x00000000000069fe      0x62f /home/mpiuser/Application/Task1-5HD/bin/arduino-uno/atmega_common.a(cpu.o)
 .debug_line    0x000000000000702d      0x717 /home/mpiuser/Application/Task1-5HD/bin/arduino-uno/atmega_common.a(thread_arch.o)
 .debug_line    0x0000000000007744      0x661 /home/mpiuser/Application/Task1-5HD/bin/arduino-uno/auto_init.a(auto_init.o)
 .debug_line    0x0000000000007da5      0x644 /home/mpiuser/Application/Task1-5HD/bin/arduino-uno/avr_libc_extra.a(atmega_stdio.o)
 .debug_line    0x00000000000083e9      0x5a7 /home/mpiuser/Application/Task1-5HD/bin/arduino-uno/boards_common_arduino-atmega.a(led_init.o)
 .debug_line    0x0000000000008990      0x4cd /home/mpiuser/Application/Task1-5HD/bin/arduino-uno/core.a(panic.o)
 .debug_line    0x0000000000008e5d      0x531 /home/mpiuser/Application/Task1-5HD/bin/arduino-uno/core.a(mutex.o)
 .debug_line    0x000000000000938e      0x660 /home/mpiuser/Application/Task1-5HD/bin/arduino-uno/stdio_uart.a(stdio_uart.o)
 .debug_line    0x00000000000099ee       0xa5 /home/mpiuser/Application/Task1-5HD/bin/arduino-uno/periph_common.a(init.o)
 .debug_line    0x0000000000009a93      0x4b3 /home/mpiuser/Application/Task1-5HD/bin/arduino-uno/atmega_common_periph.a(pm.o)
 .debug_line    0x0000000000009f46      0x77d /home/mpiuser/Application/Task1-5HD/bin/arduino-uno/isrpipe.a(isrpipe.o)
 .debug_line    0x000000000000a6c3      0x289 /home/mpiuser/Application/Task1-5HD/bin/arduino-uno/tsrb.a(tsrb.o)
 .debug_line    0x000000000000a94c      0x122 /opt/arduino/hardware/tools/avr/bin/../lib/gcc/avr/5.4.0/avr5/libgcc.a(_udivmodsi4.o)
 .debug_line    0x000000000000aa6e       0x62 /opt/arduino/hardware/tools/avr/bin/../lib/gcc/avr/5.4.0/avr5/libgcc.a(_exit.o)
 .debug_line    0x000000000000aad0       0x98 /opt/arduino/hardware/tools/avr/bin/../lib/gcc/avr/5.4.0/avr5/libgcc.a(_copy_data.o)
 .debug_line    0x000000000000ab68       0x86 /opt/arduino/hardware/tools/avr/bin/../lib/gcc/avr/5.4.0/avr5/libgcc.a(_clear_bss.o)
 .debug_line    0x000000000000abee       0x92 /opt/arduino/hardware/tools/avr/bin/../lib/gcc/avr/5.4.0/avr5/libgcc.a(_ctors.o)
 .debug_line    0x000000000000ac80       0x92 /opt/arduino/hardware/tools/avr/bin/../lib/gcc/avr/5.4.0/avr5/libgcc.a(_muluhisi3.o)
 .debug_line    0x000000000000ad12       0x7a /opt/arduino/hardware/tools/avr/bin/../lib/gcc/avr/5.4.0/avr5/libgcc.a(_tablejump2.o)
 .debug_line    0x000000000000ad8c       0xb0 /opt/arduino/hardware/tools/avr/bin/../lib/gcc/avr/5.4.0/avr5/libgcc.a(_umulhisi3.o)
 .debug_line    0x000000000000ae3c       0xfe /opt/arduino/hardware/tools/avr/bin/../lib/gcc/avr/5.4.0/avr5/libgcc.a(_prologue.o)
 .debug_line    0x000000000000af3a       0xf8 /opt/arduino/hardware/tools/avr/bin/../lib/gcc/avr/5.4.0/avr5/libgcc.a(_epilogue.o)

.debug_frame    0x0000000000000000     0x15c4
 *(.debug_frame)
 .debug_frame   0x0000000000000000       0x44 /home/mpiuser/Application/Task1-5HD/bin/arduino-uno/atmega_common/startup.o
 .debug_frame   0x0000000000000044       0xac /home/mpiuser/Application/Task1-5HD/bin/arduino-uno/application_Task1-5HD.a(_sketches.o)
 .debug_frame   0x00000000000000f0       0xbc /home/mpiuser/Application/Task1-5HD/bin/arduino-uno/arduino.a(base.o)
 .debug_frame   0x00000000000001ac      0x278 /home/mpiuser/Application/Task1-5HD/bin/arduino-uno/arduino.a(serialport.o)
 .debug_frame   0x0000000000000424       0x60 /home/mpiuser/Application/Task1-5HD/bin/arduino-uno/atmega_common.a(irq_arch.o)
 .debug_frame   0x0000000000000484       0xc0 /home/mpiuser/Application/Task1-5HD/bin/arduino-uno/atmega_common_periph.a(uart.o)
 .debug_frame   0x0000000000000544       0x7c /home/mpiuser/Application/Task1-5HD/bin/arduino-uno/atmega_common_periph.a(gpio.o)
 .debug_frame   0x00000000000005c0      0x168 /home/mpiuser/Application/Task1-5HD/bin/arduino-uno/atmega_common_periph.a(timer.o)
 .debug_frame   0x0000000000000728       0x24 /home/mpiuser/Application/Task1-5HD/bin/arduino-uno/boards_common_atmega.a(board.o)
 .debug_frame   0x000000000000074c       0x68 /home/mpiuser/Application/Task1-5HD/bin/arduino-uno/core.a(sched.o)
 .debug_frame   0x00000000000007b4       0xec /home/mpiuser/Application/Task1-5HD/bin/arduino-uno/core.a(ringbuffer.o)
 .debug_frame   0x00000000000008a0       0x50 /home/mpiuser/Application/Task1-5HD/bin/arduino-uno/core.a(kernel_init.o)
 .debug_frame   0x00000000000008f0      0x104 /home/mpiuser/Application/Task1-5HD/bin/arduino-uno/core.a(thread.o)
 .debug_frame   0x00000000000009f4      0x2d0 /home/mpiuser/Application/Task1-5HD/bin/arduino-uno/xtimer.a(xtimer_core.o)
 .debug_frame   0x0000000000000cc4      0x34c /home/mpiuser/Application/Task1-5HD/bin/arduino-uno/xtimer.a(xtimer.o)
 .debug_frame   0x0000000000001010       0x34 /home/mpiuser/Application/Task1-5HD/bin/arduino-uno/periph_common.a(pm.o)
 .debug_frame   0x0000000000001044       0x60 /home/mpiuser/Application/Task1-5HD/bin/arduino-uno/atmega_common.a(cpu.o)
 .debug_frame   0x00000000000010a4       0xcc /home/mpiuser/Application/Task1-5HD/bin/arduino-uno/atmega_common.a(thread_arch.o)
 .debug_frame   0x0000000000001170       0x24 /home/mpiuser/Application/Task1-5HD/bin/arduino-uno/auto_init.a(auto_init.o)
 .debug_frame   0x0000000000001194       0x64 /home/mpiuser/Application/Task1-5HD/bin/arduino-uno/avr_libc_extra.a(atmega_stdio.o)
 .debug_frame   0x00000000000011f8       0x24 /home/mpiuser/Application/Task1-5HD/bin/arduino-uno/boards_common_arduino-atmega.a(led_init.o)
 .debug_frame   0x000000000000121c       0x4c /home/mpiuser/Application/Task1-5HD/bin/arduino-uno/core.a(panic.o)
 .debug_frame   0x0000000000001268       0x98 /home/mpiuser/Application/Task1-5HD/bin/arduino-uno/core.a(mutex.o)
 .debug_frame   0x0000000000001300       0x5c /home/mpiuser/Application/Task1-5HD/bin/arduino-uno/stdio_uart.a(stdio_uart.o)
 .debug_frame   0x000000000000135c       0x24 /home/mpiuser/Application/Task1-5HD/bin/arduino-uno/periph_common.a(init.o)
 .debug_frame   0x0000000000001380       0x24 /home/mpiuser/Application/Task1-5HD/bin/arduino-uno/atmega_common_periph.a(pm.o)
 .debug_frame   0x00000000000013a4      0x144 /home/mpiuser/Application/Task1-5HD/bin/arduino-uno/isrpipe.a(isrpipe.o)
 .debug_frame   0x00000000000014e8       0xdc /home/mpiuser/Application/Task1-5HD/bin/arduino-uno/tsrb.a(tsrb.o)

.debug_str      0x0000000000000000     0xdd27
 *(.debug_str)
 .debug_str     0x0000000000000000      0x208 /opt/arduino/hardware/tools/avr/bin/../lib/gcc/avr/5.4.0/../../../../avr/lib/avr5/crtatmega328p.o
 .debug_str     0x0000000000000208     0x90c6 /home/mpiuser/Application/Task1-5HD/bin/arduino-uno/atmega_common/startup.o
                                       0x92ee (size before relaxing)
 .debug_str     0x00000000000092ce      0x9da /home/mpiuser/Application/Task1-5HD/bin/arduino-uno/application_Task1-5HD.a(_sketches.o)
                                       0x8b6c (size before relaxing)
 .debug_str     0x0000000000009ca8      0x6aa /home/mpiuser/Application/Task1-5HD/bin/arduino-uno/arduino.a(base.o)
                                       0x919a (size before relaxing)
 .debug_str     0x000000000000a352      0x319 /home/mpiuser/Application/Task1-5HD/bin/arduino-uno/arduino.a(serialport.o)
                                       0x86dd (size before relaxing)
 .debug_str     0x000000000000a66b       0xc7 /home/mpiuser/Application/Task1-5HD/bin/arduino-uno/atmega_common.a(irq_arch.o)
                                       0x8885 (size before relaxing)
 .debug_str     0x000000000000a732      0x180 /home/mpiuser/Application/Task1-5HD/bin/arduino-uno/atmega_common_periph.a(uart.o)
                                       0x8e6b (size before relaxing)
 .debug_str     0x000000000000a8b2      0x146 /home/mpiuser/Application/Task1-5HD/bin/arduino-uno/atmega_common_periph.a(gpio.o)
                                       0x8e26 (size before relaxing)
 .debug_str     0x000000000000a9f8      0x1bc /home/mpiuser/Application/Task1-5HD/bin/arduino-uno/atmega_common_periph.a(timer.o)
                                       0x94cb (size before relaxing)
 .debug_str     0x000000000000abb4      0x1b3 /home/mpiuser/Application/Task1-5HD/bin/arduino-uno/boards_common_atmega.a(board.o)
                                       0x941b (size before relaxing)
 .debug_str     0x000000000000ad67      0x4b6 /home/mpiuser/Application/Task1-5HD/bin/arduino-uno/core.a(sched.o)
                                       0x8997 (size before relaxing)
 .debug_str     0x000000000000b21d      0x110 /home/mpiuser/Application/Task1-5HD/bin/arduino-uno/core.a(ringbuffer.o)
                                       0x31de (size before relaxing)
 .debug_str     0x000000000000b32d      0x578 /home/mpiuser/Application/Task1-5HD/bin/arduino-uno/core.a(kernel_init.o)
                                       0x916a (size before relaxing)
 .debug_str     0x000000000000b8a5      0x15e /home/mpiuser/Application/Task1-5HD/bin/arduino-uno/core.a(thread.o)
                                       0x8c96 (size before relaxing)
 .debug_str     0x000000000000ba03      0x308 /home/mpiuser/Application/Task1-5HD/bin/arduino-uno/xtimer.a(xtimer_core.o)
                                       0x9bac (size before relaxing)
 .debug_str     0x000000000000bd0b      0x281 /home/mpiuser/Application/Task1-5HD/bin/arduino-uno/xtimer.a(xtimer.o)
                                       0x9e36 (size before relaxing)
 .debug_str     0x000000000000bf8c       0x7d /home/mpiuser/Application/Task1-5HD/bin/arduino-uno/periph_common.a(pm.o)
                                       0x8b04 (size before relaxing)
 .debug_str     0x000000000000c009     0x13f9 /home/mpiuser/Application/Task1-5HD/bin/arduino-uno/atmega_common.a(cpu.o)
                                       0xa749 (size before relaxing)
 .debug_str     0x000000000000d402      0x118 /home/mpiuser/Application/Task1-5HD/bin/arduino-uno/atmega_common.a(thread_arch.o)
                                       0x95d5 (size before relaxing)
 .debug_str     0x000000000000d51a       0x7b /home/mpiuser/Application/Task1-5HD/bin/arduino-uno/auto_init.a(auto_init.o)
                                       0x96bc (size before relaxing)
 .debug_str     0x000000000000d595      0x1c7 /home/mpiuser/Application/Task1-5HD/bin/arduino-uno/avr_libc_extra.a(atmega_stdio.o)
                                       0x9427 (size before relaxing)
 .debug_str     0x000000000000d75c       0x96 /home/mpiuser/Application/Task1-5HD/bin/arduino-uno/boards_common_arduino-atmega.a(led_init.o)
                                       0x931b (size before relaxing)
 .debug_str     0x000000000000d7f2       0xa7 /home/mpiuser/Application/Task1-5HD/bin/arduino-uno/core.a(panic.o)
                                       0x8e52 (size before relaxing)
 .debug_str     0x000000000000d899       0xa8 /home/mpiuser/Application/Task1-5HD/bin/arduino-uno/core.a(mutex.o)
                                       0x87d8 (size before relaxing)
 .debug_str     0x000000000000d941      0x15d /home/mpiuser/Application/Task1-5HD/bin/arduino-uno/stdio_uart.a(stdio_uart.o)
                                       0x9621 (size before relaxing)
 .debug_str     0x000000000000da9e       0x7c /home/mpiuser/Application/Task1-5HD/bin/arduino-uno/periph_common.a(init.o)
                                       0x2dc2 (size before relaxing)
 .debug_str     0x000000000000db1a       0x6f /home/mpiuser/Application/Task1-5HD/bin/arduino-uno/atmega_common_periph.a(pm.o)
                                       0x8b61 (size before relaxing)
 .debug_str     0x000000000000db89       0xfc /home/mpiuser/Application/Task1-5HD/bin/arduino-uno/isrpipe.a(isrpipe.o)
                                       0x9c95 (size before relaxing)
 .debug_str     0x000000000000dc85       0xa2 /home/mpiuser/Application/Task1-5HD/bin/arduino-uno/tsrb.a(tsrb.o)
                                       0x33a4 (size before relaxing)

.debug_loc      0x0000000000000000     0x653b
 *(.debug_loc)
 .debug_loc     0x0000000000000000       0xcb /home/mpiuser/Application/Task1-5HD/bin/arduino-uno/application_Task1-5HD.a(_sketches.o)
 .debug_loc     0x00000000000000cb      0x3a3 /home/mpiuser/Application/Task1-5HD/bin/arduino-uno/arduino.a(base.o)
 .debug_loc     0x000000000000046e      0xe0c /home/mpiuser/Application/Task1-5HD/bin/arduino-uno/arduino.a(serialport.o)
 .debug_loc     0x000000000000127a       0x42 /home/mpiuser/Application/Task1-5HD/bin/arduino-uno/atmega_common.a(irq_arch.o)
 .debug_loc     0x00000000000012bc      0x2d7 /home/mpiuser/Application/Task1-5HD/bin/arduino-uno/atmega_common_periph.a(uart.o)
 .debug_loc     0x0000000000001593      0x386 /home/mpiuser/Application/Task1-5HD/bin/arduino-uno/atmega_common_periph.a(gpio.o)
 .debug_loc     0x0000000000001919      0x45d /home/mpiuser/Application/Task1-5HD/bin/arduino-uno/atmega_common_periph.a(timer.o)
 .debug_loc     0x0000000000001d76       0x14 /home/mpiuser/Application/Task1-5HD/bin/arduino-uno/boards_common_atmega.a(board.o)
 .debug_loc     0x0000000000001d8a      0x27d /home/mpiuser/Application/Task1-5HD/bin/arduino-uno/core.a(sched.o)
 .debug_loc     0x0000000000002007      0x58e /home/mpiuser/Application/Task1-5HD/bin/arduino-uno/core.a(ringbuffer.o)
 .debug_loc     0x0000000000002595       0x62 /home/mpiuser/Application/Task1-5HD/bin/arduino-uno/core.a(kernel_init.o)
 .debug_loc     0x00000000000025f7      0x6ce /home/mpiuser/Application/Task1-5HD/bin/arduino-uno/core.a(thread.o)
 .debug_loc     0x0000000000002cc5     0x11d9 /home/mpiuser/Application/Task1-5HD/bin/arduino-uno/xtimer.a(xtimer_core.o)
 .debug_loc     0x0000000000003e9e     0x107f /home/mpiuser/Application/Task1-5HD/bin/arduino-uno/xtimer.a(xtimer.o)
 .debug_loc     0x0000000000004f1d       0x2f /home/mpiuser/Application/Task1-5HD/bin/arduino-uno/atmega_common.a(cpu.o)
 .debug_loc     0x0000000000004f4c      0x395 /home/mpiuser/Application/Task1-5HD/bin/arduino-uno/atmega_common.a(thread_arch.o)
 .debug_loc     0x00000000000052e1      0x108 /home/mpiuser/Application/Task1-5HD/bin/arduino-uno/avr_libc_extra.a(atmega_stdio.o)
 .debug_loc     0x00000000000053e9       0xb7 /home/mpiuser/Application/Task1-5HD/bin/arduino-uno/core.a(panic.o)
 .debug_loc     0x00000000000054a0      0x385 /home/mpiuser/Application/Task1-5HD/bin/arduino-uno/core.a(mutex.o)
 .debug_loc     0x0000000000005825      0x148 /home/mpiuser/Application/Task1-5HD/bin/arduino-uno/stdio_uart.a(stdio_uart.o)
 .debug_loc     0x000000000000596d      0x705 /home/mpiuser/Application/Task1-5HD/bin/arduino-uno/isrpipe.a(isrpipe.o)
 .debug_loc     0x0000000000006072      0x4c9 /home/mpiuser/Application/Task1-5HD/bin/arduino-uno/tsrb.a(tsrb.o)

.debug_macinfo
 *(.debug_macinfo)

.debug_weaknames
 *(.debug_weaknames)

.debug_funcnames
 *(.debug_funcnames)

.debug_typenames
 *(.debug_typenames)

.debug_varnames
 *(.debug_varnames)

.debug_pubtypes
 *(.debug_pubtypes)

.debug_ranges   0x0000000000000000      0x670
 *(.debug_ranges)
 .debug_ranges  0x0000000000000000       0x20 /home/mpiuser/Application/Task1-5HD/bin/arduino-uno/atmega_common/startup.o
 .debug_ranges  0x0000000000000020       0x30 /home/mpiuser/Application/Task1-5HD/bin/arduino-uno/application_Task1-5HD.a(_sketches.o)
 .debug_ranges  0x0000000000000050       0x48 /home/mpiuser/Application/Task1-5HD/bin/arduino-uno/arduino.a(base.o)
 .debug_ranges  0x0000000000000098       0xc8 /home/mpiuser/Application/Task1-5HD/bin/arduino-uno/arduino.a(serialport.o)
 .debug_ranges  0x0000000000000160       0x28 /home/mpiuser/Application/Task1-5HD/bin/arduino-uno/atmega_common.a(irq_arch.o)
 .debug_ranges  0x0000000000000188       0x28 /home/mpiuser/Application/Task1-5HD/bin/arduino-uno/atmega_common_periph.a(uart.o)
 .debug_ranges  0x00000000000001b0       0x38 /home/mpiuser/Application/Task1-5HD/bin/arduino-uno/atmega_common_periph.a(gpio.o)
 .debug_ranges  0x00000000000001e8       0x50 /home/mpiuser/Application/Task1-5HD/bin/arduino-uno/atmega_common_periph.a(timer.o)
 .debug_ranges  0x0000000000000238       0x10 /home/mpiuser/Application/Task1-5HD/bin/arduino-uno/boards_common_atmega.a(board.o)
 .debug_ranges  0x0000000000000248       0x28 /home/mpiuser/Application/Task1-5HD/bin/arduino-uno/core.a(sched.o)
 .debug_ranges  0x0000000000000270       0x40 /home/mpiuser/Application/Task1-5HD/bin/arduino-uno/core.a(ringbuffer.o)
 .debug_ranges  0x00000000000002b0       0x20 /home/mpiuser/Application/Task1-5HD/bin/arduino-uno/core.a(kernel_init.o)
 .debug_ranges  0x00000000000002d0       0x48 /home/mpiuser/Application/Task1-5HD/bin/arduino-uno/core.a(thread.o)
 .debug_ranges  0x0000000000000318      0x118 /home/mpiuser/Application/Task1-5HD/bin/arduino-uno/xtimer.a(xtimer_core.o)
 .debug_ranges  0x0000000000000430       0xa0 /home/mpiuser/Application/Task1-5HD/bin/arduino-uno/xtimer.a(xtimer.o)
 .debug_ranges  0x00000000000004d0       0x18 /home/mpiuser/Application/Task1-5HD/bin/arduino-uno/periph_common.a(pm.o)
 .debug_ranges  0x00000000000004e8       0x28 /home/mpiuser/Application/Task1-5HD/bin/arduino-uno/atmega_common.a(cpu.o)
 .debug_ranges  0x0000000000000510       0x38 /home/mpiuser/Application/Task1-5HD/bin/arduino-uno/atmega_common.a(thread_arch.o)
 .debug_ranges  0x0000000000000548       0x10 /home/mpiuser/Application/Task1-5HD/bin/arduino-uno/auto_init.a(auto_init.o)
 .debug_ranges  0x0000000000000558       0x20 /home/mpiuser/Application/Task1-5HD/bin/arduino-uno/avr_libc_extra.a(atmega_stdio.o)
 .debug_ranges  0x0000000000000578       0x10 /home/mpiuser/Application/Task1-5HD/bin/arduino-uno/boards_common_arduino-atmega.a(led_init.o)
 .debug_ranges  0x0000000000000588       0x18 /home/mpiuser/Application/Task1-5HD/bin/arduino-uno/core.a(panic.o)
 .debug_ranges  0x00000000000005a0       0x20 /home/mpiuser/Application/Task1-5HD/bin/arduino-uno/core.a(mutex.o)
 .debug_ranges  0x00000000000005c0       0x20 /home/mpiuser/Application/Task1-5HD/bin/arduino-uno/stdio_uart.a(stdio_uart.o)
 .debug_ranges  0x00000000000005e0       0x10 /home/mpiuser/Application/Task1-5HD/bin/arduino-uno/periph_common.a(init.o)
 .debug_ranges  0x00000000000005f0       0x10 /home/mpiuser/Application/Task1-5HD/bin/arduino-uno/atmega_common_periph.a(pm.o)
 .debug_ranges  0x0000000000000600       0x38 /home/mpiuser/Application/Task1-5HD/bin/arduino-uno/isrpipe.a(isrpipe.o)
 .debug_ranges  0x0000000000000638       0x38 /home/mpiuser/Application/Task1-5HD/bin/arduino-uno/tsrb.a(tsrb.o)

.debug_macro    0x0000000000000000    0x1965e
 *(.debug_macro)
 .debug_macro   0x0000000000000000      0x260 /home/mpiuser/Application/Task1-5HD/bin/arduino-uno/atmega_common/startup.o
 .debug_macro   0x0000000000000260      0xa42 /home/mpiuser/Application/Task1-5HD/bin/arduino-uno/atmega_common/startup.o
 .debug_macro   0x0000000000000ca2       0xb8 /home/mpiuser/Application/Task1-5HD/bin/arduino-uno/atmega_common/startup.o
 .debug_macro   0x0000000000000d5a      0x1c9 /home/mpiuser/Application/Task1-5HD/bin/arduino-uno/atmega_common/startup.o
 .debug_macro   0x0000000000000f23       0x10 /home/mpiuser/Application/Task1-5HD/bin/arduino-uno/atmega_common/startup.o
 .debug_macro   0x0000000000000f33      0x302 /home/mpiuser/Application/Task1-5HD/bin/arduino-uno/atmega_common/startup.o
 .debug_macro   0x0000000000001235       0x1c /home/mpiuser/Application/Task1-5HD/bin/arduino-uno/atmega_common/startup.o
 .debug_macro   0x0000000000001251       0x9e /home/mpiuser/Application/Task1-5HD/bin/arduino-uno/atmega_common/startup.o
 .debug_macro   0x00000000000012ef     0x1410 /home/mpiuser/Application/Task1-5HD/bin/arduino-uno/atmega_common/startup.o
 .debug_macro   0x00000000000026ff      0x13a /home/mpiuser/Application/Task1-5HD/bin/arduino-uno/atmega_common/startup.o
 .debug_macro   0x0000000000002839       0xbd /home/mpiuser/Application/Task1-5HD/bin/arduino-uno/atmega_common/startup.o
 .debug_macro   0x00000000000028f6       0x34 /home/mpiuser/Application/Task1-5HD/bin/arduino-uno/atmega_common/startup.o
 .debug_macro   0x000000000000292a       0x18 /home/mpiuser/Application/Task1-5HD/bin/arduino-uno/atmega_common/startup.o
 .debug_macro   0x0000000000002942       0x6c /home/mpiuser/Application/Task1-5HD/bin/arduino-uno/atmega_common/startup.o
 .debug_macro   0x00000000000029ae       0x63 /home/mpiuser/Application/Task1-5HD/bin/arduino-uno/atmega_common/startup.o
 .debug_macro   0x0000000000002a11       0x58 /home/mpiuser/Application/Task1-5HD/bin/arduino-uno/atmega_common/startup.o
 .debug_macro   0x0000000000002a69       0x10 /home/mpiuser/Application/Task1-5HD/bin/arduino-uno/atmega_common/startup.o
 .debug_macro   0x0000000000002a79       0x97 /home/mpiuser/Application/Task1-5HD/bin/arduino-uno/atmega_common/startup.o
 .debug_macro   0x0000000000002b10       0xf2 /home/mpiuser/Application/Task1-5HD/bin/arduino-uno/atmega_common/startup.o
 .debug_macro   0x0000000000002c02       0x81 /home/mpiuser/Application/Task1-5HD/bin/arduino-uno/atmega_common/startup.o
 .debug_macro   0x0000000000002c83       0x40 /home/mpiuser/Application/Task1-5HD/bin/arduino-uno/atmega_common/startup.o
 .debug_macro   0x0000000000002cc3       0x1c /home/mpiuser/Application/Task1-5HD/bin/arduino-uno/atmega_common/startup.o
 .debug_macro   0x0000000000002cdf       0xf6 /home/mpiuser/Application/Task1-5HD/bin/arduino-uno/atmega_common/startup.o
 .debug_macro   0x0000000000002dd5       0x2f /home/mpiuser/Application/Task1-5HD/bin/arduino-uno/atmega_common/startup.o
 .debug_macro   0x0000000000002e04       0xd6 /home/mpiuser/Application/Task1-5HD/bin/arduino-uno/atmega_common/startup.o
 .debug_macro   0x0000000000002eda       0xe8 /home/mpiuser/Application/Task1-5HD/bin/arduino-uno/atmega_common/startup.o
 .debug_macro   0x0000000000002fc2       0x28 /home/mpiuser/Application/Task1-5HD/bin/arduino-uno/atmega_common/startup.o
 .debug_macro   0x0000000000002fea       0x17 /home/mpiuser/Application/Task1-5HD/bin/arduino-uno/atmega_common/startup.o
 .debug_macro   0x0000000000003001       0x10 /home/mpiuser/Application/Task1-5HD/bin/arduino-uno/atmega_common/startup.o
 .debug_macro   0x0000000000003011       0x22 /home/mpiuser/Application/Task1-5HD/bin/arduino-uno/atmega_common/startup.o
 .debug_macro   0x0000000000003033       0x5f /home/mpiuser/Application/Task1-5HD/bin/arduino-uno/atmega_common/startup.o
 .debug_macro   0x0000000000003092       0x1c /home/mpiuser/Application/Task1-5HD/bin/arduino-uno/atmega_common/startup.o
 .debug_macro   0x00000000000030ae       0x53 /home/mpiuser/Application/Task1-5HD/bin/arduino-uno/atmega_common/startup.o
 .debug_macro   0x0000000000003101       0x22 /home/mpiuser/Application/Task1-5HD/bin/arduino-uno/atmega_common/startup.o
 .debug_macro   0x0000000000003123       0x84 /home/mpiuser/Application/Task1-5HD/bin/arduino-uno/atmega_common/startup.o
 .debug_macro   0x00000000000031a7       0x16 /home/mpiuser/Application/Task1-5HD/bin/arduino-uno/atmega_common/startup.o
 .debug_macro   0x00000000000031bd       0xd8 /home/mpiuser/Application/Task1-5HD/bin/arduino-uno/atmega_common/startup.o
 .debug_macro   0x0000000000003295       0x52 /home/mpiuser/Application/Task1-5HD/bin/arduino-uno/atmega_common/startup.o
 .debug_macro   0x00000000000032e7      0x2b3 /home/mpiuser/Application/Task1-5HD/bin/arduino-uno/application_Task1-5HD.a(_sketches.o)
 .debug_macro   0x000000000000359a      0xa54 /home/mpiuser/Application/Task1-5HD/bin/arduino-uno/application_Task1-5HD.a(_sketches.o)
 .debug_macro   0x0000000000003fee       0xe8 /home/mpiuser/Application/Task1-5HD/bin/arduino-uno/application_Task1-5HD.a(_sketches.o)
 .debug_macro   0x00000000000040d6       0x1e /home/mpiuser/Application/Task1-5HD/bin/arduino-uno/application_Task1-5HD.a(_sketches.o)
 .debug_macro   0x00000000000040f4       0x97 /home/mpiuser/Application/Task1-5HD/bin/arduino-uno/application_Task1-5HD.a(_sketches.o)
 .debug_macro   0x000000000000418b       0xaa /home/mpiuser/Application/Task1-5HD/bin/arduino-uno/application_Task1-5HD.a(_sketches.o)
 .debug_macro   0x0000000000004235       0x63 /home/mpiuser/Application/Task1-5HD/bin/arduino-uno/application_Task1-5HD.a(_sketches.o)
 .debug_macro   0x0000000000004298       0xf6 /home/mpiuser/Application/Task1-5HD/bin/arduino-uno/application_Task1-5HD.a(_sketches.o)
 .debug_macro   0x000000000000438e       0x28 /home/mpiuser/Application/Task1-5HD/bin/arduino-uno/application_Task1-5HD.a(_sketches.o)
 .debug_macro   0x00000000000043b6       0x10 /home/mpiuser/Application/Task1-5HD/bin/arduino-uno/application_Task1-5HD.a(_sketches.o)
 .debug_macro   0x00000000000043c6       0x10 /home/mpiuser/Application/Task1-5HD/bin/arduino-uno/application_Task1-5HD.a(_sketches.o)
 .debug_macro   0x00000000000043d6      0x325 /home/mpiuser/Application/Task1-5HD/bin/arduino-uno/arduino.a(base.o)
 .debug_macro   0x00000000000046fb      0xa54 /home/mpiuser/Application/Task1-5HD/bin/arduino-uno/arduino.a(base.o)
 .debug_macro   0x000000000000514f       0x2e /home/mpiuser/Application/Task1-5HD/bin/arduino-uno/arduino.a(base.o)
 .debug_macro   0x000000000000517d      0x16d /home/mpiuser/Application/Task1-5HD/bin/arduino-uno/arduino.a(base.o)
 .debug_macro   0x00000000000052ea       0x16 /home/mpiuser/Application/Task1-5HD/bin/arduino-uno/arduino.a(base.o)
 .debug_macro   0x0000000000005300       0x35 /home/mpiuser/Application/Task1-5HD/bin/arduino-uno/arduino.a(base.o)
 .debug_macro   0x0000000000005335       0x43 /home/mpiuser/Application/Task1-5HD/bin/arduino-uno/arduino.a(base.o)
 .debug_macro   0x0000000000005378       0x16 /home/mpiuser/Application/Task1-5HD/bin/arduino-uno/arduino.a(base.o)
 .debug_macro   0x000000000000538e       0x10 /home/mpiuser/Application/Task1-5HD/bin/arduino-uno/arduino.a(base.o)
 .debug_macro   0x000000000000539e       0x10 /home/mpiuser/Application/Task1-5HD/bin/arduino-uno/arduino.a(base.o)
 .debug_macro   0x00000000000053ae       0x10 /home/mpiuser/Application/Task1-5HD/bin/arduino-uno/arduino.a(base.o)
 .debug_macro   0x00000000000053be      0x261 /home/mpiuser/Application/Task1-5HD/bin/arduino-uno/arduino.a(serialport.o)
 .debug_macro   0x000000000000561f      0xa54 /home/mpiuser/Application/Task1-5HD/bin/arduino-uno/arduino.a(serialport.o)
 .debug_macro   0x0000000000006073       0x16 /home/mpiuser/Application/Task1-5HD/bin/arduino-uno/arduino.a(serialport.o)
 .debug_macro   0x0000000000006089       0x16 /home/mpiuser/Application/Task1-5HD/bin/arduino-uno/arduino.a(serialport.o)
 .debug_macro   0x000000000000609f       0x20 /home/mpiuser/Application/Task1-5HD/bin/arduino-uno/arduino.a(serialport.o)
 .debug_macro   0x00000000000060bf       0x12 /home/mpiuser/Application/Task1-5HD/bin/arduino-uno/arduino.a(serialport.o)
 .debug_macro   0x00000000000060d1      0x1e1 /home/mpiuser/Application/Task1-5HD/bin/arduino-uno/atmega_common.a(irq_arch.o)
 .debug_macro   0x00000000000062b2      0xa42 /home/mpiuser/Application/Task1-5HD/bin/arduino-uno/atmega_common.a(irq_arch.o)
 .debug_macro   0x0000000000006cf4      0x249 /home/mpiuser/Application/Task1-5HD/bin/arduino-uno/atmega_common_periph.a(uart.o)
 .debug_macro   0x0000000000006f3d      0xa42 /home/mpiuser/Application/Task1-5HD/bin/arduino-uno/atmega_common_periph.a(uart.o)
 .debug_macro   0x000000000000797f      0x2fc /home/mpiuser/Application/Task1-5HD/bin/arduino-uno/atmega_common_periph.a(uart.o)
 .debug_macro   0x0000000000007c7b      0x248 /home/mpiuser/Application/Task1-5HD/bin/arduino-uno/atmega_common_periph.a(gpio.o)
 .debug_macro   0x0000000000007ec3      0xa42 /home/mpiuser/Application/Task1-5HD/bin/arduino-uno/atmega_common_periph.a(gpio.o)
 .debug_macro   0x0000000000008905      0x29e /home/mpiuser/Application/Task1-5HD/bin/arduino-uno/atmega_common_periph.a(timer.o)
 .debug_macro   0x0000000000008ba3      0xa42 /home/mpiuser/Application/Task1-5HD/bin/arduino-uno/atmega_common_periph.a(timer.o)
 .debug_macro   0x00000000000095e5       0x1c /home/mpiuser/Application/Task1-5HD/bin/arduino-uno/atmega_common_periph.a(timer.o)
 .debug_macro   0x0000000000009601      0x261 /home/mpiuser/Application/Task1-5HD/bin/arduino-uno/boards_common_atmega.a(board.o)
 .debug_macro   0x0000000000009862      0xa42 /home/mpiuser/Application/Task1-5HD/bin/arduino-uno/boards_common_atmega.a(board.o)
 .debug_macro   0x000000000000a2a4      0x1fa /home/mpiuser/Application/Task1-5HD/bin/arduino-uno/core.a(sched.o)
 .debug_macro   0x000000000000a49e      0xa42 /home/mpiuser/Application/Task1-5HD/bin/arduino-uno/core.a(sched.o)
 .debug_macro   0x000000000000aee0      0x16d /home/mpiuser/Application/Task1-5HD/bin/arduino-uno/core.a(sched.o)
 .debug_macro   0x000000000000b04d       0x2e /home/mpiuser/Application/Task1-5HD/bin/arduino-uno/core.a(sched.o)
 .debug_macro   0x000000000000b07b       0x35 /home/mpiuser/Application/Task1-5HD/bin/arduino-uno/core.a(sched.o)
 .debug_macro   0x000000000000b0b0       0x3a /home/mpiuser/Application/Task1-5HD/bin/arduino-uno/core.a(ringbuffer.o)
 .debug_macro   0x000000000000b0ea      0xa42 /home/mpiuser/Application/Task1-5HD/bin/arduino-uno/core.a(ringbuffer.o)
 .debug_macro   0x000000000000bb2c      0x250 /home/mpiuser/Application/Task1-5HD/bin/arduino-uno/core.a(kernel_init.o)
 .debug_macro   0x000000000000bd7c      0xa42 /home/mpiuser/Application/Task1-5HD/bin/arduino-uno/core.a(kernel_init.o)
 .debug_macro   0x000000000000c7be      0x207 /home/mpiuser/Application/Task1-5HD/bin/arduino-uno/core.a(kernel_init.o)
 .debug_macro   0x000000000000c9c5       0xdc /home/mpiuser/Application/Task1-5HD/bin/arduino-uno/core.a(kernel_init.o)
 .debug_macro   0x000000000000caa1       0x69 /home/mpiuser/Application/Task1-5HD/bin/arduino-uno/core.a(kernel_init.o)
 .debug_macro   0x000000000000cb0a      0x1f4 /home/mpiuser/Application/Task1-5HD/bin/arduino-uno/core.a(thread.o)
 .debug_macro   0x000000000000ccfe      0xa42 /home/mpiuser/Application/Task1-5HD/bin/arduino-uno/core.a(thread.o)
 .debug_macro   0x000000000000d740      0x2fb /home/mpiuser/Application/Task1-5HD/bin/arduino-uno/xtimer.a(xtimer_core.o)
 .debug_macro   0x000000000000da3b      0xa42 /home/mpiuser/Application/Task1-5HD/bin/arduino-uno/xtimer.a(xtimer_core.o)
 .debug_macro   0x000000000000e47d       0x20 /home/mpiuser/Application/Task1-5HD/bin/arduino-uno/xtimer.a(xtimer_core.o)
 .debug_macro   0x000000000000e49d       0x34 /home/mpiuser/Application/Task1-5HD/bin/arduino-uno/xtimer.a(xtimer_core.o)
 .debug_macro   0x000000000000e4d1       0x16 /home/mpiuser/Application/Task1-5HD/bin/arduino-uno/xtimer.a(xtimer_core.o)
 .debug_macro   0x000000000000e4e7      0x30a /home/mpiuser/Application/Task1-5HD/bin/arduino-uno/xtimer.a(xtimer.o)
 .debug_macro   0x000000000000e7f1      0xa42 /home/mpiuser/Application/Task1-5HD/bin/arduino-uno/xtimer.a(xtimer.o)
 .debug_macro   0x000000000000f233       0x1c /home/mpiuser/Application/Task1-5HD/bin/arduino-uno/xtimer.a(xtimer.o)
 .debug_macro   0x000000000000f24f      0x22c /home/mpiuser/Application/Task1-5HD/bin/arduino-uno/periph_common.a(pm.o)
 .debug_macro   0x000000000000f47b      0xa42 /home/mpiuser/Application/Task1-5HD/bin/arduino-uno/periph_common.a(pm.o)
 .debug_macro   0x000000000000febd      0x2a7 /home/mpiuser/Application/Task1-5HD/bin/arduino-uno/atmega_common.a(cpu.o)
 .debug_macro   0x0000000000010164      0xa42 /home/mpiuser/Application/Task1-5HD/bin/arduino-uno/atmega_common.a(cpu.o)
 .debug_macro   0x0000000000010ba6       0x68 /home/mpiuser/Application/Task1-5HD/bin/arduino-uno/atmega_common.a(cpu.o)
 .debug_macro   0x0000000000010c0e       0x10 /home/mpiuser/Application/Task1-5HD/bin/arduino-uno/atmega_common.a(cpu.o)
 .debug_macro   0x0000000000010c1e       0x89 /home/mpiuser/Application/Task1-5HD/bin/arduino-uno/atmega_common.a(cpu.o)
 .debug_macro   0x0000000000010ca7       0xee /home/mpiuser/Application/Task1-5HD/bin/arduino-uno/atmega_common.a(cpu.o)
 .debug_macro   0x0000000000010d95      0x256 /home/mpiuser/Application/Task1-5HD/bin/arduino-uno/atmega_common.a(thread_arch.o)
 .debug_macro   0x0000000000010feb      0xa42 /home/mpiuser/Application/Task1-5HD/bin/arduino-uno/atmega_common.a(thread_arch.o)
 .debug_macro   0x0000000000011a2d      0x2f5 /home/mpiuser/Application/Task1-5HD/bin/arduino-uno/auto_init.a(auto_init.o)
 .debug_macro   0x0000000000011d22      0xa42 /home/mpiuser/Application/Task1-5HD/bin/arduino-uno/auto_init.a(auto_init.o)
 .debug_macro   0x0000000000012764      0x287 /home/mpiuser/Application/Task1-5HD/bin/arduino-uno/avr_libc_extra.a(atmega_stdio.o)
 .debug_macro   0x00000000000129eb      0xa42 /home/mpiuser/Application/Task1-5HD/bin/arduino-uno/avr_libc_extra.a(atmega_stdio.o)
 .debug_macro   0x000000000001342d       0x40 /home/mpiuser/Application/Task1-5HD/bin/arduino-uno/avr_libc_extra.a(atmega_stdio.o)
 .debug_macro   0x000000000001346d       0x10 /home/mpiuser/Application/Task1-5HD/bin/arduino-uno/avr_libc_extra.a(atmega_stdio.o)
 .debug_macro   0x000000000001347d      0x261 /home/mpiuser/Application/Task1-5HD/bin/arduino-uno/boards_common_arduino-atmega.a(led_init.o)
 .debug_macro   0x00000000000136de      0xa42 /home/mpiuser/Application/Task1-5HD/bin/arduino-uno/boards_common_arduino-atmega.a(led_init.o)
 .debug_macro   0x0000000000014120      0x249 /home/mpiuser/Application/Task1-5HD/bin/arduino-uno/core.a(panic.o)
 .debug_macro   0x0000000000014369      0xa42 /home/mpiuser/Application/Task1-5HD/bin/arduino-uno/core.a(panic.o)
 .debug_macro   0x0000000000014dab       0x34 /home/mpiuser/Application/Task1-5HD/bin/arduino-uno/core.a(panic.o)
 .debug_macro   0x0000000000014ddf      0x1fa /home/mpiuser/Application/Task1-5HD/bin/arduino-uno/core.a(mutex.o)
 .debug_macro   0x0000000000014fd9      0xa42 /home/mpiuser/Application/Task1-5HD/bin/arduino-uno/core.a(mutex.o)
 .debug_macro   0x0000000000015a1b      0x2fe /home/mpiuser/Application/Task1-5HD/bin/arduino-uno/stdio_uart.a(stdio_uart.o)
 .debug_macro   0x0000000000015d19      0xa42 /home/mpiuser/Application/Task1-5HD/bin/arduino-uno/stdio_uart.a(stdio_uart.o)
 .debug_macro   0x000000000001675b       0x1a /home/mpiuser/Application/Task1-5HD/bin/arduino-uno/periph_common.a(init.o)
 .debug_macro   0x0000000000016775      0xa42 /home/mpiuser/Application/Task1-5HD/bin/arduino-uno/periph_common.a(init.o)
 .debug_macro   0x00000000000171b7      0x221 /home/mpiuser/Application/Task1-5HD/bin/arduino-uno/atmega_common_periph.a(pm.o)
 .debug_macro   0x00000000000173d8      0xa42 /home/mpiuser/Application/Task1-5HD/bin/arduino-uno/atmega_common_periph.a(pm.o)
 .debug_macro   0x0000000000017e1a       0x62 /home/mpiuser/Application/Task1-5HD/bin/arduino-uno/atmega_common_periph.a(pm.o)
 .debug_macro   0x0000000000017e7c      0x2ff /home/mpiuser/Application/Task1-5HD/bin/arduino-uno/isrpipe.a(isrpipe.o)
 .debug_macro   0x000000000001817b      0xa42 /home/mpiuser/Application/Task1-5HD/bin/arduino-uno/isrpipe.a(isrpipe.o)
 .debug_macro   0x0000000000018bbd       0x5f /home/mpiuser/Application/Task1-5HD/bin/arduino-uno/tsrb.a(tsrb.o)
 .debug_macro   0x0000000000018c1c      0xa42 /home/mpiuser/Application/Task1-5HD/bin/arduino-uno/tsrb.a(tsrb.o)
OUTPUT(/home/mpiuser/Application/Task1-5HD/bin/arduino-uno/Task1-5HD.elf elf32-avr)
LOAD linker stubs